Archive member included to satisfy reference by file (symbol)

C:/msys32/home/cypherOS/esp/get-started/hello_world/build/cxx\libcxx.a(cxx_exception_stubs.o)
                              (__cxx_fatal_exception)
C:/msys32/home/cypherOS/esp/get-started/hello_world/build/cxx\libcxx.a(cxx_guards.o)
                              (__cxa_guard_dummy)
C:/msys32/home/cypherOS/esp/get-started/hello_world/build/esp32\libesp32.a(cpu_start.o)
                              (call_start_cpu0)
C:/msys32/home/cypherOS/esp/get-started/hello_world/build/esp32\libesp32.a(dbg_stubs.o)
                              C:/msys32/home/cypherOS/esp/get-started/hello_world/build/esp32\libesp32.a(cpu_start.o) (esp_dbg_stubs_init)
C:/msys32/home/cypherOS/esp/get-started/hello_world/build/esp32\libesp32.a(task_wdt.o)
                              C:/msys32/home/cypherOS/esp/get-started/hello_world/build/esp32\libesp32.a(cpu_start.o) (esp_task_wdt_init)
C:/msys32/home/cypherOS/esp/get-started/hello_world/build/esp32\libesp32.a(panic.o)
                              C:/msys32/home/cypherOS/esp/get-started/hello_world/build/cxx\libcxx.a(cxx_exception_stubs.o) (abort)
C:/msys32/home/cypherOS/esp/get-started/hello_world/build/esp32\libesp32.a(dport_panic_highint_hdl.o)
                              (ld_include_panic_highint_hdl)
C:/msys32/home/cypherOS/esp/get-started/hello_world/build/esp32\libesp32.a(int_wdt.o)
                              C:/msys32/home/cypherOS/esp/get-started/hello_world/build/esp32\libesp32.a(dport_panic_highint_hdl.o) (int_wdt_app_cpu_ticked)
C:/msys32/home/cypherOS/esp/get-started/hello_world/build/esp32\libesp32.a(brownout.o)
                              C:/msys32/home/cypherOS/esp/get-started/hello_world/build/esp32\libesp32.a(cpu_start.o) (esp_brownout_init)
C:/msys32/home/cypherOS/esp/get-started/hello_world/build/esp32\libesp32.a(system_api.o)
                              C:/msys32/home/cypherOS/esp/get-started/hello_world/build/esp32\libesp32.a(panic.o) (esp_restart_noos)
C:/msys32/home/cypherOS/esp/get-started/hello_world/build/esp32\libesp32.a(dport_access.o)
                              C:/msys32/home/cypherOS/esp/get-started/hello_world/build/esp32\libesp32.a(dport_panic_highint_hdl.o) (dport_access_start)
C:/msys32/home/cypherOS/esp/get-started/hello_world/build/esp32\libesp32.a(esp_timer.o)
                              C:/msys32/home/cypherOS/esp/get-started/hello_world/build/esp32\libesp32.a(cpu_start.o) (esp_timer_init)
C:/msys32/home/cypherOS/esp/get-started/hello_world/build/esp32\libesp32.a(esp_err_to_name.o)
                              C:/msys32/home/cypherOS/esp/get-started/hello_world/build/esp32\libesp32.a(panic.o) (esp_err_to_name)
C:/msys32/home/cypherOS/esp/get-started/hello_world/build/esp32\libesp32.a(intr_alloc.o)
                              C:/msys32/home/cypherOS/esp/get-started/hello_world/build/esp32\libesp32.a(task_wdt.o) (esp_intr_alloc)
C:/msys32/home/cypherOS/esp/get-started/hello_world/build/esp32\libesp32.a(ipc.o)
                              C:/msys32/home/cypherOS/esp/get-started/hello_world/build/esp32\libesp32.a(cpu_start.o) (esp_ipc_init)
C:/msys32/home/cypherOS/esp/get-started/hello_world/build/esp32\libesp32.a(cache_err_int.o)
                              C:/msys32/home/cypherOS/esp/get-started/hello_world/build/esp32\libesp32.a(cpu_start.o) (esp_cache_err_int_init)
C:/msys32/home/cypherOS/esp/get-started/hello_world/build/esp32\libesp32.a(freertos_hooks.o)
                              C:/msys32/home/cypherOS/esp/get-started/hello_world/build/esp32\libesp32.a(task_wdt.o) (esp_register_freertos_idle_hook_for_cpu)
C:/msys32/home/cypherOS/esp/get-started/hello_world/build/esp32\libesp32.a(clk.o)
                              C:/msys32/home/cypherOS/esp/get-started/hello_world/build/esp32\libesp32.a(cpu_start.o) (esp_clk_init)
C:/msys32/home/cypherOS/esp/get-started/hello_world/build/esp32\libesp32.a(esp_timer_esp32.o)
                              C:/msys32/home/cypherOS/esp/get-started/hello_world/build/esp32\libesp32.a(esp_timer.o) (esp_timer_impl_get_time)
C:/msys32/home/cypherOS/esp/get-started/hello_world/build/esp32\libesp32.a(crosscore_int.o)
                              C:/msys32/home/cypherOS/esp/get-started/hello_world/build/esp32\libesp32.a(cpu_start.o) (esp_crosscore_int_init)
C:/msys32/home/cypherOS/esp/esp-idf/components/esp32/libhal.a(int_asm--set_intclear.o)
                              C:/msys32/home/cypherOS/esp/get-started/hello_world/build/esp32\libesp32.a(intr_alloc.o) (xthal_set_intclear)
C:/msys32/home/cypherOS/esp/get-started/hello_world/build/freertos\libfreertos.a(FreeRTOS-openocd.o)
                              (uxTopUsedPriority)
C:/msys32/home/cypherOS/esp/get-started/hello_world/build/freertos\libfreertos.a(tasks.o)
                              C:/msys32/home/cypherOS/esp/get-started/hello_world/build/esp32\libesp32.a(system_api.o) (vTaskSuspendAll)
[...]
Memory Configuration

Name             Origin             Length             Attributes
iram0_0_seg      0x40080000         0x00020000         xr
iram0_2_seg      0x400d0018         0x0032ffe8         xr
dram0_0_seg      0x3ffb0000         0x0002c200         rw
drom0_0_seg      0x3f400018         0x003fffe8         r
rtc_iram_seg     0x400c0000         0x00002000         xrw
rtc_slow_seg     0x50000000         0x00001000         rw
*default*        0x00000000         0xffffffff

Linker script and memory map

START GROUP
LOAD C:/msys32/home/cypherOS/esp/get-started/hello_world/build/app_trace\libapp_trace.a
LOAD C:/msys32/home/cypherOS/esp/get-started/hello_world/build/app_update\libapp_update.a
LOAD C:/msys32/home/cypherOS/esp/get-started/hello_world/build/asio\libasio.a
LOAD C:/msys32/home/cypherOS/esp/get-started/hello_world/build/bootloader_support\libbootloader_support.a
LOAD C:/msys32/home/cypherOS/esp/get-started/hello_world/build/bt\libbt.a
LOAD C:/msys32/home/cypherOS/esp/get-started/hello_world/build/coap\libcoap.a
LOAD C:/msys32/home/cypherOS/esp/get-started/hello_world/build/console\libconsole.a
LOAD C:/msys32/home/cypherOS/esp/get-started/hello_world/build/cxx\libcxx.a
LOAD C:/msys32/home/cypherOS/esp/get-started/hello_world/build/driver\libdriver.a
LOAD C:/msys32/home/cypherOS/esp/get-started/hello_world/build/esp-tls\libesp-tls.a
LOAD C:/msys32/home/cypherOS/esp/get-started/hello_world/build/esp32\libesp32.a
LOAD C:/msys32/home/cypherOS/esp/esp-idf/components/esp32/libhal.a
LOAD C:/msys32/home/cypherOS/esp/esp-idf/components/esp32/lib\libcore.a
LOAD C:/msys32/home/cypherOS/esp/esp-idf/components/esp32/lib\librtc.a
LOAD C:/msys32/home/cypherOS/esp/esp-idf/components/esp32/lib\libnet80211.a
LOAD C:/msys32/home/cypherOS/esp/esp-idf/components/esp32/lib\libpp.a
LOAD C:/msys32/home/cypherOS/esp/esp-idf/components/esp32/lib\libwpa.a
LOAD C:/msys32/home/cypherOS/esp/esp-idf/components/esp32/lib\libsmartconfig.a
LOAD C:/msys32/home/cypherOS/esp/esp-idf/components/esp32/lib\libcoexist.a
LOAD C:/msys32/home/cypherOS/esp/esp-idf/components/esp32/lib\libwps.a
LOAD C:/msys32/home/cypherOS/esp/esp-idf/components/esp32/lib\libwpa2.a
LOAD C:/msys32/home/cypherOS/esp/esp-idf/components/esp32/lib\libespnow.a
LOAD C:/msys32/home/cypherOS/esp/esp-idf/components/esp32/lib\libphy.a
LOAD C:/msys32/home/cypherOS/esp/esp-idf/components/esp32/lib\libmesh.a
LOAD C:/msys32/home/cypherOS/esp/get-started/hello_world/build/esp_adc_cal\libesp_adc_cal.a
LOAD C:/msys32/home/cypherOS/esp/get-started/hello_world/build/esp_http_client\libesp_http_client.a
LOAD C:/msys32/home/cypherOS/esp/get-started/hello_world/build/ethernet\libethernet.a
LOAD C:/msys32/home/cypherOS/esp/get-started/hello_world/build/expat\libexpat.a
LOAD C:/msys32/home/cypherOS/esp/get-started/hello_world/build/fatfs\libfatfs.a
LOAD C:/msys32/home/cypherOS/esp/get-started/hello_world/build/freertos\libfreertos.a
LOAD C:/msys32/home/cypherOS/esp/get-started/hello_world/build/heap\libheap.a
LOAD C:/msys32/home/cypherOS/esp/get-started/hello_world/build/http_server\libhttp_server.a
LOAD C:/msys32/home/cypherOS/esp/get-started/hello_world/build/idf_test\libidf_test.a
LOAD C:/msys32/home/cypherOS/esp/get-started/hello_world/build/jsmn\libjsmn.a
LOAD C:/msys32/home/cypherOS/esp/get-started/hello_world/build/json\libjson.a
LOAD C:/msys32/home/cypherOS/esp/get-started/hello_world/build/libsodium\liblibsodium.a
LOAD C:/msys32/home/cypherOS/esp/get-started/hello_world/build/log\liblog.a
LOAD C:/msys32/home/cypherOS/esp/get-started/hello_world/build/lwip\liblwip.a
LOAD C:/msys32/home/cypherOS/esp/get-started/hello_world/build/main\libmain.a
LOAD C:/msys32/home/cypherOS/esp/get-started/hello_world/build/mbedtls\libmbedtls.a
LOAD C:/msys32/home/cypherOS/esp/get-started/hello_world/build/mdns\libmdns.a
LOAD C:/msys32/home/cypherOS/esp/get-started/hello_world/build/micro-ecc\libmicro-ecc.a
LOAD C:/msys32/home/cypherOS/esp/esp-idf/components/newlib/lib/libc.a
LOAD C:/msys32/home/cypherOS/esp/esp-idf/components/newlib/lib/libm.a
LOAD C:/msys32/home/cypherOS/esp/get-started/hello_world/build/newlib\libnewlib.a
LOAD C:/msys32/home/cypherOS/esp/get-started/hello_world/build/nghttp\libnghttp.a
LOAD C:/msys32/home/cypherOS/esp/get-started/hello_world/build/nvs_flash\libnvs_flash.a
LOAD C:/msys32/home/cypherOS/esp/get-started/hello_world/build/openssl\libopenssl.a
LOAD C:/msys32/home/cypherOS/esp/get-started/hello_world/build/pthread\libpthread.a
LOAD C:/msys32/home/cypherOS/esp/get-started/hello_world/build/sdmmc\libsdmmc.a
LOAD C:/msys32/home/cypherOS/esp/get-started/hello_world/build/smartconfig_ack\libsmartconfig_ack.a
LOAD C:/msys32/home/cypherOS/esp/get-started/hello_world/build/soc\libsoc.a
LOAD C:/msys32/home/cypherOS/esp/get-started/hello_world/build/spi_flash\libspi_flash.a
LOAD C:/msys32/home/cypherOS/esp/get-started/hello_world/build/spiffs\libspiffs.a
LOAD C:/msys32/home/cypherOS/esp/get-started/hello_world/build/tcpip_adapter\libtcpip_adapter.a
LOAD C:/msys32/home/cypherOS/esp/get-started/hello_world/build/ulp\libulp.a
LOAD C:/msys32/home/cypherOS/esp/get-started/hello_world/build/vfs\libvfs.a
LOAD C:/msys32/home/cypherOS/esp/get-started/hello_world/build/wear_levelling\libwear_levelling.a
LOAD C:/msys32/home/cypherOS/esp/get-started/hello_world/build/wpa_supplicant\libwpa_supplicant.a
LOAD C:/msys32/home/cypherOS/esp/get-started/hello_world/build/xtensa-debug-module\libxtensa-debug-module.a
LOAD c:/msys32/opt/xtensa-esp32-elf/bin/../lib/gcc/xtensa-esp32-elf/5.2.0\libgcc.a
LOAD c:/msys32/opt/xtensa-esp32-elf/bin/../lib/gcc/xtensa-esp32-elf/5.2.0/../../../../xtensa-esp32-elf/lib\libstdc++.a
LOAD c:/msys32/opt/xtensa-esp32-elf/bin/../lib/gcc/xtensa-esp32-elf/5.2.0\libgcov.a
END GROUP
                0x40000000                _heap_end = 0x40000000

.rtc.text       0x400c0000        0x0
                0x400c0000                . = ALIGN (0x4)
 *(.rtc.literal .rtc.text)
 *rtc_wake_stub*.o(.literal .text .literal.* .text.*)

.rtc.data       0x50000000        0x0
                0x50000000                _rtc_data_start = ABSOLUTE (.)
 *(.rtc.data)
 *(.rtc.rodata)
 *rtc_wake_stub*.o(.data .rodata .data.* .rodata.* .bss .bss.*)
                0x50000000                _rtc_data_end = ABSOLUTE (.)

.rtc.bss        0x50000000        0x0
                0x50000000                _rtc_bss_start = ABSOLUTE (.)
 *rtc_wake_stub*.o(.bss .bss.*)
 *rtc_wake_stub*.o(COMMON)
                0x50000000                _rtc_bss_end = ABSOLUTE (.)

.rtc_noinit     0x50000000        0x0
                0x50000000                . = ALIGN (0x4)
                0x50000000                _rtc_noinit_start = ABSOLUTE (.)
 *(.rtc_noinit .rtc_noinit.*)
                0x50000000                . = ALIGN (0x4)
                0x50000000                _rtc_noinit_end = ABSOLUTE (.)

.iram0.vectors  0x40080000      0x400
                0x40080000                _init_start = ABSOLUTE (.)
                0x00000000                . = 0x0
 *(.WindowVectors.text)
 .WindowVectors.text
                0x40080000      0x16a C:/msys32/home/cypherOS/esp/get-started/hello_world/build/freertos\libfreertos.a(xtensa_vectors.o)
                0x40080000                _WindowOverflow4
                0x40080040                _WindowUnderflow4
                0x40080050                _xt_alloca_exc
                0x40080080                _WindowOverflow8
                0x400800c0                _WindowUnderflow8
                0x40080100                _WindowOverflow12
                0x40080140                _WindowUnderflow12
                0x00000180                . = 0x180
 *fill*         0x4008016a       0x16 
 *(.Level2InterruptVector.text)
 .Level2InterruptVector.text
                0x40080180        0x6 C:/msys32/home/cypherOS/esp/get-started/hello_world/build/freertos\libfreertos.a(xtensa_vectors.o)
                0x40080180                _Level2Vector
                0x000001c0                . = 0x1c0
 *fill*         0x40080186       0x3a 
 *(.Level3InterruptVector.text)
 .Level3InterruptVector.text
                0x400801c0        0x6 C:/msys32/home/cypherOS/esp/get-started/hello_world/build/freertos\libfreertos.a(xtensa_vectors.o)
                0x400801c0                _Level3Vector
                0x00000200                . = 0x200
 *fill*         0x400801c6       0x3a 
 *(.Level4InterruptVector.text)
 .Level4InterruptVector.text
                0x40080200        0x6 C:/msys32/home/cypherOS/esp/get-started/hello_world/build/freertos\libfreertos.a(xtensa_vectors.o)
                0x40080200                _Level4Vector
                0x00000240                . = 0x240
 *fill*         0x40080206       0x3a 
 *(.Level5InterruptVector.text)
 .Level5InterruptVector.text
                0x40080240        0x6 C:/msys32/home/cypherOS/esp/get-started/hello_world/build/freertos\libfreertos.a(xtensa_vectors.o)
                0x40080240                _Level5Vector
                0x00000280                . = 0x280
 *fill*         0x40080246       0x3a 
 *(.DebugExceptionVector.text)
 .DebugExceptionVector.text
                0x40080280        0x6 C:/msys32/home/cypherOS/esp/get-started/hello_world/build/freertos\libfreertos.a(xtensa_vectors.o)
                0x40080280                _DebugExceptionVector
                0x000002c0                . = 0x2c0
 *fill*         0x40080286       0x3a 
 *(.NMIExceptionVector.text)
 .NMIExceptionVector.text
                0x400802c0        0x6 C:/msys32/home/cypherOS/esp/get-started/hello_world/build/freertos\libfreertos.a(xtensa_vectors.o)
                0x400802c0                _NMIExceptionVector
                0x00000300                . = 0x300
 *fill*         0x400802c6       0x3a 
 *(.KernelExceptionVector.text)
 .KernelExceptionVector.text
                0x40080300        0x6 C:/msys32/home/cypherOS/esp/get-started/hello_world/build/freertos\libfreertos.a(xtensa_vectors.o)
                0x40080300                _KernelExceptionVector
                0x00000340                . = 0x340
 *fill*         0x40080306       0x3a 
 *(.UserExceptionVector.text)
 .UserExceptionVector.text
                0x40080340        0x6 C:/msys32/home/cypherOS/esp/get-started/hello_world/build/freertos\libfreertos.a(xtensa_vectors.o)
                0x40080340                _UserExceptionVector
                0x000003c0                . = 0x3c0
 *fill*         0x40080346       0x7a 
 *(.DoubleExceptionVector.text)
 .DoubleExceptionVector.text
                0x400803c0        0xf C:/msys32/home/cypherOS/esp/get-started/hello_world/build/freertos\libfreertos.a(xtensa_vectors.o)
                0x400803c0                _DoubleExceptionVector
                0x00000400                . = 0x400
 *fill*         0x400803cf       0x31 
 *(.*Vector.literal)
 *(.UserEnter.literal)
 *(.UserEnter.text)
                0x40080400                . = ALIGN (0x10)
 *(.entry.text)
 *(.init.literal)
 *(.init)
                0x40080400                _init_end = ABSOLUTE (.)
                0x00000000                _iram_start = 0x0

.iram0.text     0x40080400     0x8870
                0x40080400                _iram_text_start = ABSOLUTE (.)
 *(.iram1 .iram1.*)
 .iram1.literal
                0x40080400       0xa8 C:/msys32/home/cypherOS/esp/get-started/hello_world/build/esp32\libesp32.a(cpu_start.o)
                                0x1c4 (size before relaxing)
 .iram1.literal
                0x400804a8       0x24 C:/msys32/home/cypherOS/esp/get-started/hello_world/build/esp32\libesp32.a(dport_panic_highint_hdl.o)
                                 0x28 (size before relaxing)
 .iram1.literal
                0x400804cc        0x8 C:/msys32/home/cypherOS/esp/get-started/hello_world/build/esp32\libesp32.a(int_wdt.o)
                                  0xc (size before relaxing)
 .iram1.literal
                0x400804d4       0x64 C:/msys32/home/cypherOS/esp/get-started/hello_world/build/esp32\libesp32.a(system_api.o)
                                 0xc0 (size before relaxing)
 .iram1.literal
                0x40080538       0x28 C:/msys32/home/cypherOS/esp/get-started/hello_world/build/esp32\libesp32.a(dport_access.o)
                                 0x88 (size before relaxing)
 .iram1.literal
                0x40080560       0x24 C:/msys32/home/cypherOS/esp/get-started/hello_world/build/esp32\libesp32.a(esp_timer.o)
                                 0x60 (size before relaxing)
 .iram1.literal
                0x40080584       0x20 C:/msys32/home/cypherOS/esp/get-started/hello_world/build/esp32\libesp32.a(intr_alloc.o)
                                 0x7c (size before relaxing)
 .iram1.literal
                0x400805a4       0x20 C:/msys32/home/cypherOS/esp/get-started/hello_world/build/esp32\libesp32.a(ipc.o)
                                 0x34 (size before relaxing)
 .iram1.literal
                0x400805c4        0xc C:/msys32/home/cypherOS/esp/get-started/hello_world/build/esp32\libesp32.a(cache_err_int.o)
                                 0x18 (size before relaxing)
 .iram1.literal
                0x400805d0        0x4 C:/msys32/home/cypherOS/esp/get-started/hello_world/build/esp32\libesp32.a(freertos_hooks.o)
 .iram1.literal
                0x400805d4        0xc C:/msys32/home/cypherOS/esp/get-started/hello_world/build/esp32\libesp32.a(clk.o)
                                 0x18 (size before relaxing)
 .iram1.literal
                0x400805e0       0x60 C:/msys32/home/cypherOS/esp/get-started/hello_world/build/esp32\libesp32.a(esp_timer_esp32.o)
                                 0xf8 (size before relaxing)
 .iram1.literal
                0x40080640       0x1c C:/msys32/home/cypherOS/esp/get-started/hello_world/build/esp32\libesp32.a(crosscore_int.o)
                                 0x40 (size before relaxing)
 .iram1.literal
                0x4008065c        0x4 C:/msys32/home/cypherOS/esp/get-started/hello_world/build/freertos\libfreertos.a(port.o)
 .iram1.literal
                0x40080660       0x44 C:/msys32/home/cypherOS/esp/get-started/hello_world/build/freertos\libfreertos.a(xtensa_vectors.o)
                                 0x68 (size before relaxing)
 .iram1.literal
                0x400806a4       0x58 C:/msys32/home/cypherOS/esp/get-started/hello_world/build/heap\libheap.a(heap_caps.o)
                                 0xb0 (size before relaxing)
 .iram1.literal
                0x400806fc       0x24 C:/msys32/home/cypherOS/esp/get-started/hello_world/build/log\liblog.a(log.o)
                                 0x48 (size before relaxing)
 .iram1.literal
                0x40080720       0x14 C:/msys32/home/cypherOS/esp/get-started/hello_world/build/newlib\libnewlib.a(locks.o)
                                 0x90 (size before relaxing)
 .iram1.literal
                0x40080734        0x4 C:/msys32/home/cypherOS/esp/get-started/hello_world/build/newlib\libnewlib.a(syscalls.o)
                                 0x14 (size before relaxing)
 .iram1.literal
                0x40080738        0x8 C:/msys32/home/cypherOS/esp/get-started/hello_world/build/newlib\libnewlib.a(reent_init.o)
                                 0x10 (size before relaxing)
 .iram1.literal
                0x40080740        0x4 C:/msys32/home/cypherOS/esp/get-started/hello_world/build/newlib\libnewlib.a(time.o)
                                 0x1c (size before relaxing)
 .iram1.literal
                0x40080744       0x1c C:/msys32/home/cypherOS/esp/get-started/hello_world/build/soc\libsoc.a(cpu_util.o)
                                 0x30 (size before relaxing)
 .iram1.literal
                0x40080760       0x38 C:/msys32/home/cypherOS/esp/get-started/hello_world/build/spi_flash\libspi_flash.a(flash_ops.o)
                                 0xe4 (size before relaxing)
 .iram1.literal
                0x40080798       0x50 C:/msys32/home/cypherOS/esp/get-started/hello_world/build/spi_flash\libspi_flash.a(cache_utils.o)
                                0x120 (size before relaxing)
 .iram1.literal
                0x400807e8       0x48 C:/msys32/home/cypherOS/esp/get-started/hello_world/build/spi_flash\libspi_flash.a(flash_mmap.o)
                                0x108 (size before relaxing)
 .literal.prvResetNextTaskUnblockTime
                0x40080830        0x8 C:/msys32/home/cypherOS/esp/get-started/hello_world/build/freertos\libfreertos.a(tasks.o)
 .literal.prvDeleteTLS
                0x40080838       0x10 C:/msys32/home/cypherOS/esp/get-started/hello_world/build/freertos\libfreertos.a(tasks.o)
                                 0x18 (size before relaxing)
 .literal.prvInitialiseNewTask
                0x40080848        0x0 C:/msys32/home/cypherOS/esp/get-started/hello_world/build/freertos\libfreertos.a(tasks.o)
                                 0x18 (size before relaxing)
 .literal.prvInitialiseTaskLists
                0x40080848       0x20 C:/msys32/home/cypherOS/esp/get-started/hello_world/build/freertos\libfreertos.a(tasks.o)
                                 0x40 (size before relaxing)
 .literal.prvDeleteTCB
                0x40080868        0x8 C:/msys32/home/cypherOS/esp/get-started/hello_world/build/freertos\libfreertos.a(tasks.o)
                                 0x2c (size before relaxing)
 .literal.prvAddCurrentTaskToDelayedList
                0x40080870        0x4 C:/msys32/home/cypherOS/esp/get-started/hello_world/build/freertos\libfreertos.a(tasks.o)
                                 0x1c (size before relaxing)
 .literal.taskYIELD_OTHER_CORE
                0x40080874        0x0 C:/msys32/home/cypherOS/esp/get-started/hello_world/build/freertos\libfreertos.a(tasks.o)
                                 0x10 (size before relaxing)
 .literal.vTaskSuspendAll
                0x40080874        0x4 C:/msys32/home/cypherOS/esp/get-started/hello_world/build/freertos\libfreertos.a(tasks.o)
                                  0x8 (size before relaxing)
 .literal.xTaskGetIdleTaskHandleForCPU
                0x40080878        0xc C:/msys32/home/cypherOS/esp/get-started/hello_world/build/freertos\libfreertos.a(tasks.o)
                                 0x1c (size before relaxing)
 .literal.vTaskSwitchContext
                0x40080884       0x18 C:/msys32/home/cypherOS/esp/get-started/hello_world/build/freertos\libfreertos.a(tasks.o)
                                 0x3c (size before relaxing)
 .literal.vTaskSetTimeOutState
                0x4008089c        0xc C:/msys32/home/cypherOS/esp/get-started/hello_world/build/freertos\libfreertos.a(tasks.o)
                                 0x20 (size before relaxing)
 .literal.xTaskGetCurrentTaskHandle
                0x400808a8        0x0 C:/msys32/home/cypherOS/esp/get-started/hello_world/build/freertos\libfreertos.a(tasks.o)
                                  0x8 (size before relaxing)
 .literal.__getreent
                0x400808a8        0x0 C:/msys32/home/cypherOS/esp/get-started/hello_world/build/freertos\libfreertos.a(tasks.o)
                                  0x8 (size before relaxing)
 .literal.pcTaskGetTaskName
                0x400808a8        0x8 C:/msys32/home/cypherOS/esp/get-started/hello_world/build/freertos\libfreertos.a(tasks.o)
                                 0x1c (size before relaxing)
 .literal.xTaskGetAffinity
                0x400808b0        0x0 C:/msys32/home/cypherOS/esp/get-started/hello_world/build/freertos\libfreertos.a(tasks.o)
                                  0x4 (size before relaxing)
 .literal.xTaskGetCurrentTaskHandleForCPU
                0x400808b0        0x0 C:/msys32/home/cypherOS/esp/get-started/hello_world/build/freertos\libfreertos.a(tasks.o)
                                  0x4 (size before relaxing)
 .literal.xTaskGetSchedulerState
                0x400808b0        0x4 C:/msys32/home/cypherOS/esp/get-started/hello_world/build/freertos\libfreertos.a(tasks.o)
                                  0xc (size before relaxing)
 .literal.vTaskEnterCritical
                0x400808b4       0x20 C:/msys32/home/cypherOS/esp/get-started/hello_world/build/freertos\libfreertos.a(tasks.o)
                                 0x34 (size before relaxing)
 .literal.vTaskExitCritical
                0x400808d4        0xc C:/msys32/home/cypherOS/esp/get-started/hello_world/build/freertos\libfreertos.a(tasks.o)
                                 0x28 (size before relaxing)
 .literal.prvAddNewTaskToReadyList
                0x400808e0       0x10 C:/msys32/home/cypherOS/esp/get-started/hello_world/build/freertos\libfreertos.a(tasks.o)
                                 0x58 (size before relaxing)
 .literal.xTaskCreatePinnedToCore
                0x400808f0        0x0 C:/msys32/home/cypherOS/esp/get-started/hello_world/build/freertos\libfreertos.a(tasks.o)
                                 0x18 (size before relaxing)
 .literal.vTaskStartScheduler
                0x400808f0       0x10 C:/msys32/home/cypherOS/esp/get-started/hello_world/build/freertos\libfreertos.a(tasks.o)
                                 0x38 (size before relaxing)
 .literal.vTaskDelete
                0x40080900        0x8 C:/msys32/home/cypherOS/esp/get-started/hello_world/build/freertos\libfreertos.a(tasks.o)
                                 0x60 (size before relaxing)
 .literal.vTaskDelay
                0x40080908        0x4 C:/msys32/home/cypherOS/esp/get-started/hello_world/build/freertos\libfreertos.a(tasks.o)
                                 0x38 (size before relaxing)
 .literal.uxTaskPriorityGet
                0x4008090c        0x0 C:/msys32/home/cypherOS/esp/get-started/hello_world/build/freertos\libfreertos.a(tasks.o)
                                 0x10 (size before relaxing)
 .literal.vTaskPrioritySet
                0x4008090c        0x4 C:/msys32/home/cypherOS/esp/get-started/hello_world/build/freertos\libfreertos.a(tasks.o)
                                 0x44 (size before relaxing)
 .literal.prvCheckTasksWaitingTermination
                0x40080910        0x8 C:/msys32/home/cypherOS/esp/get-started/hello_world/build/freertos\libfreertos.a(tasks.o)
                                 0x30 (size before relaxing)
 .literal.prvIdleTask
                0x40080918        0x0 C:/msys32/home/cypherOS/esp/get-started/hello_world/build/freertos\libfreertos.a(tasks.o)
                                  0xc (size before relaxing)
 .literal.xTaskGetTickCount
                0x40080918        0x4 C:/msys32/home/cypherOS/esp/get-started/hello_world/build/freertos\libfreertos.a(tasks.o)
                                 0x10 (size before relaxing)
 .literal.xTaskIncrementTick
                0x4008091c        0xc C:/msys32/home/cypherOS/esp/get-started/hello_world/build/freertos\libfreertos.a(tasks.o)
                                 0x78 (size before relaxing)
 .literal.xTaskResumeAll
                0x40080928        0x8 C:/msys32/home/cypherOS/esp/get-started/hello_world/build/freertos\libfreertos.a(tasks.o)
                                 0x5c (size before relaxing)
 .literal.vTaskPlaceOnEventList
                0x40080930        0x8 C:/msys32/home/cypherOS/esp/get-started/hello_world/build/freertos\libfreertos.a(tasks.o)
                                 0x40 (size before relaxing)
 .literal.vTaskPlaceOnEventListRestricted
                0x40080938        0x8 C:/msys32/home/cypherOS/esp/get-started/hello_world/build/freertos\libfreertos.a(tasks.o)
                                 0x38 (size before relaxing)
 .literal.xTaskRemoveFromEventList
                0x40080940        0x8 C:/msys32/home/cypherOS/esp/get-started/hello_world/build/freertos\libfreertos.a(tasks.o)
                                 0x58 (size before relaxing)
 .literal.xTaskCheckForTimeOut
                0x40080948        0xc C:/msys32/home/cypherOS/esp/get-started/hello_world/build/freertos\libfreertos.a(tasks.o)
                                 0x3c (size before relaxing)
 .literal.vTaskPriorityInherit
                0x40080954        0x0 C:/msys32/home/cypherOS/esp/get-started/hello_world/build/freertos\libfreertos.a(tasks.o)
                                 0x2c (size before relaxing)
 .literal.xTaskPriorityDisinherit
                0x40080954        0x8 C:/msys32/home/cypherOS/esp/get-started/hello_world/build/freertos\libfreertos.a(tasks.o)
                                 0x40 (size before relaxing)
 .literal.pvTaskIncrementMutexHeldCount
                0x4008095c        0x0 C:/msys32/home/cypherOS/esp/get-started/hello_world/build/freertos\libfreertos.a(tasks.o)
                                 0x10 (size before relaxing)
 .literal.pxPortInitialiseStack
                0x4008095c       0x10 C:/msys32/home/cypherOS/esp/get-started/hello_world/build/freertos\libfreertos.a(port.o)
                                 0x18 (size before relaxing)
 .literal.xPortStartScheduler
                0x4008096c        0x0 C:/msys32/home/cypherOS/esp/get-started/hello_world/build/freertos\libfreertos.a(port.o)
                                 0x14 (size before relaxing)
 .literal.xPortSysTickHandler
                0x4008096c        0x0 C:/msys32/home/cypherOS/esp/get-started/hello_world/build/freertos\libfreertos.a(port.o)
                                  0x8 (size before relaxing)
 .literal.vPortYieldOtherCore
                0x4008096c        0x0 C:/msys32/home/cypherOS/esp/get-started/hello_world/build/freertos\libfreertos.a(port.o)
                                  0x4 (size before relaxing)
 .literal.vPortReleaseTaskMPUSettings
                0x4008096c        0x0 C:/msys32/home/cypherOS/esp/get-started/hello_world/build/freertos\libfreertos.a(port.o)
                                  0x4 (size before relaxing)
 .literal.xPortInIsrContext
                0x4008096c        0x0 C:/msys32/home/cypherOS/esp/get-started/hello_world/build/freertos\libfreertos.a(port.o)
                                  0x8 (size before relaxing)
 .literal.vPortCPUInitializeMutex
                0x4008096c        0x0 C:/msys32/home/cypherOS/esp/get-started/hello_world/build/freertos\libfreertos.a(port.o)
                                  0x4 (size before relaxing)
 .literal.vPortCPUAcquireMutex
                0x4008096c       0x14 C:/msys32/home/cypherOS/esp/get-started/hello_world/build/freertos\libfreertos.a(port.o)
                                 0x30 (size before relaxing)
 .literal.vPortCPUReleaseMutex
                0x40080980        0xc C:/msys32/home/cypherOS/esp/get-started/hello_world/build/freertos\libfreertos.a(port.o)
                                 0x20 (size before relaxing)
 .literal._xt_tick_divisor_init
                0x4008098c        0x8 C:/msys32/home/cypherOS/esp/get-started/hello_world/build/freertos\libfreertos.a(xtensa_init.o)
                                  0xc (size before relaxing)
 .literal.prvIsQueueFull
                0x40080994        0x0 C:/msys32/home/cypherOS/esp/get-started/hello_world/build/freertos\libfreertos.a(queue.o)
                                  0x8 (size before relaxing)
 .literal.prvCopyDataToQueue
                0x40080994        0x0 C:/msys32/home/cypherOS/esp/get-started/hello_world/build/freertos\libfreertos.a(queue.o)
                                  0xc (size before relaxing)
 .literal.prvNotifyQueueSetContainer
                0x40080994       0x14 C:/msys32/home/cypherOS/esp/get-started/hello_world/build/freertos\libfreertos.a(queue.o)
                                 0x34 (size before relaxing)
 .literal.prvCopyDataFromQueue
                0x400809a8        0x0 C:/msys32/home/cypherOS/esp/get-started/hello_world/build/freertos\libfreertos.a(queue.o)
                                  0x4 (size before relaxing)
 .literal.xQueueGenericReset
                0x400809a8        0x4 C:/msys32/home/cypherOS/esp/get-started/hello_world/build/freertos\libfreertos.a(queue.o)
                                 0x30 (size before relaxing)
 .literal.prvInitialiseNewQueue
                0x400809ac        0x0 C:/msys32/home/cypherOS/esp/get-started/hello_world/build/freertos\libfreertos.a(queue.o)
                                  0x4 (size before relaxing)
 .literal.xQueueGenericCreate
                0x400809ac        0x4 C:/msys32/home/cypherOS/esp/get-started/hello_world/build/freertos\libfreertos.a(queue.o)
                                 0x1c (size before relaxing)
 .literal.xQueueGetMutexHolder
                0x400809b0        0x0 C:/msys32/home/cypherOS/esp/get-started/hello_world/build/freertos\libfreertos.a(queue.o)
                                  0x8 (size before relaxing)
 .literal.xQueueCreateCountingSemaphore
                0x400809b0        0x4 C:/msys32/home/cypherOS/esp/get-started/hello_world/build/freertos\libfreertos.a(queue.o)
                                 0x28 (size before relaxing)
 .literal.xQueueGenericSend
                0x400809b4        0x4 C:/msys32/home/cypherOS/esp/get-started/hello_world/build/freertos\libfreertos.a(queue.o)
                                 0x7c (size before relaxing)
 .literal.prvInitialiseMutex
                0x400809b8        0x0 C:/msys32/home/cypherOS/esp/get-started/hello_world/build/freertos\libfreertos.a(queue.o)
                                  0x8 (size before relaxing)
 .literal.xQueueCreateMutex
                0x400809b8        0x0 C:/msys32/home/cypherOS/esp/get-started/hello_world/build/freertos\libfreertos.a(queue.o)
                                  0x8 (size before relaxing)
 .literal.xQueueGiveMutexRecursive
                0x400809b8        0x4 C:/msys32/home/cypherOS/esp/get-started/hello_world/build/freertos\libfreertos.a(queue.o)
                                 0x1c (size before relaxing)
 .literal.xQueueGenericSendFromISR
                0x400809bc        0x4 C:/msys32/home/cypherOS/esp/get-started/hello_world/build/freertos\libfreertos.a(queue.o)
                                 0x3c (size before relaxing)
 .literal.xQueueGiveFromISR
                0x400809c0        0x4 C:/msys32/home/cypherOS/esp/get-started/hello_world/build/freertos\libfreertos.a(queue.o)
                                 0x30 (size before relaxing)
 .literal.xQueueGenericReceive
                0x400809c4        0x4 C:/msys32/home/cypherOS/esp/get-started/hello_world/build/freertos\libfreertos.a(queue.o)
                                 0x78 (size before relaxing)
 .literal.xQueueTakeMutexRecursive
                0x400809c8        0x4 C:/msys32/home/cypherOS/esp/get-started/hello_world/build/freertos\libfreertos.a(queue.o)
                                 0x1c (size before relaxing)
 .literal.xQueueReceiveFromISR
                0x400809cc        0x4 C:/msys32/home/cypherOS/esp/get-started/hello_world/build/freertos\libfreertos.a(queue.o)
                                 0x30 (size before relaxing)
 .literal.vQueueDelete
                0x400809d0        0x4 C:/msys32/home/cypherOS/esp/get-started/hello_world/build/freertos\libfreertos.a(queue.o)
                                 0x18 (size before relaxing)
 .literal.vQueueWaitForMessageRestricted
                0x400809d4        0x0 C:/msys32/home/cypherOS/esp/get-started/hello_world/build/freertos\libfreertos.a(queue.o)
                                  0xc (size before relaxing)
 .literal.xt_unhandled_interrupt
                0x400809d4        0x4 C:/msys32/home/cypherOS/esp/get-started/hello_world/build/freertos\libfreertos.a(xtensa_intr.o)
                                  0x8 (size before relaxing)
 .literal.xt_set_interrupt_handler
                0x400809d8        0x8 C:/msys32/home/cypherOS/esp/get-started/hello_world/build/freertos\libfreertos.a(xtensa_intr.o)
                                  0xc (size before relaxing)
 .literal       0x400809e0        0xc C:/msys32/home/cypherOS/esp/get-started/hello_world/build/freertos\libfreertos.a(portasm.o)
                                 0x54 (size before relaxing)
 .literal       0x400809ec        0x0 C:/msys32/home/cypherOS/esp/get-started/hello_world/build/freertos\libfreertos.a(xtensa_context.o)
                                 0x10 (size before relaxing)
 .literal.prvGetNextExpireTime
                0x400809ec        0x4 C:/msys32/home/cypherOS/esp/get-started/hello_world/build/freertos\libfreertos.a(timers.o)
 .literal.prvInsertTimerInActiveList
                0x400809f0        0x4 C:/msys32/home/cypherOS/esp/get-started/hello_world/build/freertos\libfreertos.a(timers.o)
                                 0x10 (size before relaxing)
 .literal.prvCheckForValidListAndQueue
                0x400809f4       0x1c C:/msys32/home/cypherOS/esp/get-started/hello_world/build/freertos\libfreertos.a(timers.o)
                                 0x44 (size before relaxing)
 .literal.xTimerCreateTimerTask
                0x40080a10       0x10 C:/msys32/home/cypherOS/esp/get-started/hello_world/build/freertos\libfreertos.a(timers.o)
                                 0x2c (size before relaxing)
 .literal.xTimerGenericCommand
                0x40080a20        0x0 C:/msys32/home/cypherOS/esp/get-started/hello_world/build/freertos\libfreertos.a(timers.o)
                                 0x14 (size before relaxing)
 .literal.prvSwitchTimerLists
                0x40080a20        0x4 C:/msys32/home/cypherOS/esp/get-started/hello_world/build/freertos\libfreertos.a(timers.o)
                                 0x28 (size before relaxing)
 .literal.prvSampleTimeNow
                0x40080a24        0x4 C:/msys32/home/cypherOS/esp/get-started/hello_world/build/freertos\libfreertos.a(timers.o)
                                  0xc (size before relaxing)
 .literal.prvProcessExpiredTimer
                0x40080a28        0x4 C:/msys32/home/cypherOS/esp/get-started/hello_world/build/freertos\libfreertos.a(timers.o)
                                 0x24 (size before relaxing)
 .literal.prvProcessTimerOrBlockTask
                0x40080a2c        0x0 C:/msys32/home/cypherOS/esp/get-started/hello_world/build/freertos\libfreertos.a(timers.o)
                                 0x24 (size before relaxing)
 .literal.prvProcessReceivedCommands
                0x40080a2c        0x8 C:/msys32/home/cypherOS/esp/get-started/hello_world/build/freertos\libfreertos.a(timers.o)
                                 0x40 (size before relaxing)
 .literal.prvTimerTask
                0x40080a34        0x0 C:/msys32/home/cypherOS/esp/get-started/hello_world/build/freertos\libfreertos.a(timers.o)
                                  0xc (size before relaxing)
 .literal.get_prev_free_block
                0x40080a34       0x10 C:/msys32/home/cypherOS/esp/get-started/hello_world/build/heap\libheap.a(multi_heap.o)
                                 0x28 (size before relaxing)
 .literal.split_if_necessary
                0x40080a44       0x10 C:/msys32/home/cypherOS/esp/get-started/hello_world/build/heap\libheap.a(multi_heap.o)
                                 0x50 (size before relaxing)
 .literal.assert_valid_block
                0x40080a54        0x0 C:/msys32/home/cypherOS/esp/get-started/hello_world/build/heap\libheap.a(multi_heap.o)
                                 0x2c (size before relaxing)
 .literal.merge_adjacent
                0x40080a54        0x8 C:/msys32/home/cypherOS/esp/get-started/hello_world/build/heap\libheap.a(multi_heap.o)
                                 0x4c (size before relaxing)
 .literal.multi_heap_get_allocated_size_impl
                0x40080a5c        0x0 C:/msys32/home/cypherOS/esp/get-started/hello_world/build/heap\libheap.a(multi_heap.o)
                                 0x10 (size before relaxing)
 .literal.multi_heap_malloc_impl
                0x40080a5c        0x0 C:/msys32/home/cypherOS/esp/get-started/hello_world/build/heap\libheap.a(multi_heap.o)
                                 0x28 (size before relaxing)
 .literal.multi_heap_free_impl
                0x40080a5c        0x0 C:/msys32/home/cypherOS/esp/get-started/hello_world/build/heap\libheap.a(multi_heap.o)
                                 0x50 (size before relaxing)
 .literal.multi_heap_realloc_impl
                0x40080a5c        0x8 C:/msys32/home/cypherOS/esp/get-started/hello_world/build/heap\libheap.a(multi_heap.o)
                                 0x68 (size before relaxing)
 .literal.panicPutChar
                0x40080a64        0x8 C:/msys32/home/cypherOS/esp/get-started/hello_world/build/esp32\libesp32.a(panic.o)
 .literal.panicPutStr
                0x40080a6c        0x0 C:/msys32/home/cypherOS/esp/get-started/hello_world/build/esp32\libesp32.a(panic.o)
                                  0x4 (size before relaxing)
 .literal.panicPutHex
                0x40080a6c        0x0 C:/msys32/home/cypherOS/esp/get-started/hello_world/build/esp32\libesp32.a(panic.o)
                                  0x8 (size before relaxing)
 .literal.panicPutDec
                0x40080a6c        0x4 C:/msys32/home/cypherOS/esp/get-started/hello_world/build/esp32\libesp32.a(panic.o)
                                 0x10 (size before relaxing)
 .literal.reconfigureAllWdts
                0x40080a70       0x10 C:/msys32/home/cypherOS/esp/get-started/hello_world/build/esp32\libesp32.a(panic.o)
                                 0x24 (size before relaxing)
 .literal.putEntry
                0x40080a80       0x10 C:/msys32/home/cypherOS/esp/get-started/hello_world/build/esp32\libesp32.a(panic.o)
                                 0x20 (size before relaxing)
 .literal.doBacktrace
                0x40080a90       0x10 C:/msys32/home/cypherOS/esp/get-started/hello_world/build/esp32\libesp32.a(panic.o)
                                 0x24 (size before relaxing)
 .literal.invoke_abort
                0x40080aa0        0x4 C:/msys32/home/cypherOS/esp/get-started/hello_world/build/esp32\libesp32.a(panic.o)
                                  0x8 (size before relaxing)
 .literal.haltOtherCore
                0x40080aa4        0x0 C:/msys32/home/cypherOS/esp/get-started/hello_world/build/esp32\libesp32.a(panic.o)
                                  0x4 (size before relaxing)
 .literal.esp_panic_wdt_start
                0x40080aa4       0x14 C:/msys32/home/cypherOS/esp/get-started/hello_world/build/esp32\libesp32.a(panic.o)
                                 0x2c (size before relaxing)
 .literal.commonErrorHandler_dump
                0x40080ab8       0x30 C:/msys32/home/cypherOS/esp/get-started/hello_world/build/esp32\libesp32.a(panic.o)
                                 0x90 (size before relaxing)
 .literal.esp_panic_dig_reset
                0x40080ae8        0x0 C:/msys32/home/cypherOS/esp/get-started/hello_world/build/esp32\libesp32.a(panic.o)
                                 0x14 (size before relaxing)
 .literal.abort
                0x40080ae8        0x8 C:/msys32/home/cypherOS/esp/get-started/hello_world/build/esp32\libesp32.a(panic.o)
                                 0x10 (size before relaxing)
 .literal.vApplicationStackOverflowHook
                0x40080af0        0x8 C:/msys32/home/cypherOS/esp/get-started/hello_world/build/esp32\libesp32.a(panic.o)
                                 0x18 (size before relaxing)
 .literal.esp_panic_wdt_stop
                0x40080af8        0x0 C:/msys32/home/cypherOS/esp/get-started/hello_world/build/esp32\libesp32.a(panic.o)
                                 0x18 (size before relaxing)
 .literal.commonErrorHandler
                0x40080af8        0x4 C:/msys32/home/cypherOS/esp/get-started/hello_world/build/esp32\libesp32.a(panic.o)
                                 0x28 (size before relaxing)
 .literal.panicHandler
                0x40080afc       0x34 C:/msys32/home/cypherOS/esp/get-started/hello_world/build/esp32\libesp32.a(panic.o)
                                 0xa4 (size before relaxing)
 .literal.xt_unhandled_exception
                0x40080b30       0x18 C:/msys32/home/cypherOS/esp/get-started/hello_world/build/esp32\libesp32.a(panic.o)
                                 0x60 (size before relaxing)
 .literal._esp_error_check_failed
                0x40080b48       0x14 C:/msys32/home/cypherOS/esp/get-started/hello_world/build/esp32\libesp32.a(panic.o)
                                 0x30 (size before relaxing)
 .literal.rtc_clk_32k_enable_internal
                0x40080b5c       0x14 C:/msys32/home/cypherOS/esp/get-started/hello_world/build/soc\libsoc.a(rtc_clk.o)
 .literal.rtc_clk_32k_enable
                0x40080b70        0x4 C:/msys32/home/cypherOS/esp/get-started/hello_world/build/soc\libsoc.a(rtc_clk.o)
                                  0xc (size before relaxing)
 .literal.rtc_clk_32k_bootstrap
                0x40080b74        0xc C:/msys32/home/cypherOS/esp/get-started/hello_world/build/soc\libsoc.a(rtc_clk.o)
                                 0x34 (size before relaxing)
 .literal.rtc_clk_slow_freq_set
                0x40080b80        0x4 C:/msys32/home/cypherOS/esp/get-started/hello_world/build/soc\libsoc.a(rtc_clk.o)
                                  0xc (size before relaxing)
 .literal.rtc_clk_slow_freq_get
                0x40080b84        0x0 C:/msys32/home/cypherOS/esp/get-started/hello_world/build/soc\libsoc.a(rtc_clk.o)
                                  0x4 (size before relaxing)
 .literal.rtc_clk_slow_freq_get_hz
                0x40080b84        0xc C:/msys32/home/cypherOS/esp/get-started/hello_world/build/soc\libsoc.a(rtc_clk.o)
                                 0x10 (size before relaxing)
 .literal.rtc_clk_fast_freq_set
                0x40080b90        0x4 C:/msys32/home/cypherOS/esp/get-started/hello_world/build/soc\libsoc.a(rtc_clk.o)
                                  0xc (size before relaxing)
 .literal.rtc_clk_bbpll_set
                0x40080b94        0xc C:/msys32/home/cypherOS/esp/get-started/hello_world/build/soc\libsoc.a(rtc_clk.o)
                                 0x38 (size before relaxing)
 .literal.rtc_clk_xtal_freq_get
                0x40080ba0        0xc C:/msys32/home/cypherOS/esp/get-started/hello_world/build/soc\libsoc.a(rtc_clk.o)
                                 0x1c (size before relaxing)
 .literal.rtc_clk_cpu_freq_get
                0x40080bac       0x14 C:/msys32/home/cypherOS/esp/get-started/hello_world/build/soc\libsoc.a(rtc_clk.o)
                                 0x2c (size before relaxing)
 .literal.rtc_clk_cpu_freq_value
                0x40080bc0       0x1c C:/msys32/home/cypherOS/esp/get-started/hello_world/build/soc\libsoc.a(rtc_clk.o)
                                 0x2c (size before relaxing)
 .literal.rtc_clk_apb_freq_update
                0x40080bdc        0x4 C:/msys32/home/cypherOS/esp/get-started/hello_world/build/soc\libsoc.a(rtc_clk.o)
                                  0x8 (size before relaxing)
 .literal.rtc_clk_cpu_freq_set
                0x40080be0       0x1c C:/msys32/home/cypherOS/esp/get-started/hello_world/build/soc\libsoc.a(rtc_clk.o)
                                 0x88 (size before relaxing)
 .literal.rtc_clk_apb_freq_get
                0x40080bfc        0x8 C:/msys32/home/cypherOS/esp/get-started/hello_world/build/soc\libsoc.a(rtc_clk.o)
                                 0x14 (size before relaxing)
 .literal.rtc_clk_cal_internal
                0x40080c04       0x2c C:/msys32/home/cypherOS/esp/get-started/hello_world/build/soc\libsoc.a(rtc_time.o)
                                 0x64 (size before relaxing)
 .literal.rtc_clk_cal
                0x40080c30        0x0 C:/msys32/home/cypherOS/esp/get-started/hello_world/build/soc\libsoc.a(rtc_time.o)
                                  0xc (size before relaxing)
 .literal.rtc_time_get
                0x40080c30       0x10 C:/msys32/home/cypherOS/esp/get-started/hello_world/build/soc\libsoc.a(rtc_time.o)
                                 0x18 (size before relaxing)
 .literal.rtc_clk_wait_for_slow_cycle
                0x40080c40        0x8 C:/msys32/home/cypherOS/esp/get-started/hello_world/build/soc\libsoc.a(rtc_time.o)
                                 0x20 (size before relaxing)
 .literal.rtc_init
                0x40080c48       0x7c C:/msys32/home/cypherOS/esp/get-started/hello_world/build/soc\libsoc.a(rtc_init.o)
                                 0xdc (size before relaxing)
 .literal       0x40080cc4        0x0 C:/msys32/home/cypherOS/esp/esp-idf/components/esp32/libhal.a(windowspill_asm.o)
                                  0x4 (size before relaxing)
 .literal.esp_rom_spiflash_read_status
                0x40080cc4       0x10 C:/msys32/home/cypherOS/esp/get-started/hello_world/build/spi_flash\libspi_flash.a(spi_flash_rom_patch.o)
                                 0x14 (size before relaxing)
 .literal.esp_rom_spiflash_wait_idle
                0x40080cd4        0x8 C:/msys32/home/cypherOS/esp/get-started/hello_world/build/spi_flash\libspi_flash.a(spi_flash_rom_patch.o)
                                  0xc (size before relaxing)
 .literal.esp_rom_spiflash_erase_block_internal
                0x40080cdc        0x4 C:/msys32/home/cypherOS/esp/get-started/hello_world/build/spi_flash\libspi_flash.a(spi_flash_rom_patch.o)
                                 0x18 (size before relaxing)
 .literal.esp_rom_spiflash_erase_sector_internal
                0x40080ce0        0x0 C:/msys32/home/cypherOS/esp/get-started/hello_world/build/spi_flash\libspi_flash.a(spi_flash_rom_patch.o)
                                 0x18 (size before relaxing)
 .literal.esp_rom_spiflash_read_data
                0x40080ce0       0x18 C:/msys32/home/cypherOS/esp/get-started/hello_world/build/spi_flash\libspi_flash.a(spi_flash_rom_patch.o)
                                 0x34 (size before relaxing)
 .literal.esp_rom_spiflash_enable_write
                0x40080cf8        0x0 C:/msys32/home/cypherOS/esp/get-started/hello_world/build/spi_flash\libspi_flash.a(spi_flash_rom_patch.o)
                                 0x10 (size before relaxing)
 .literal.esp_rom_spiflash_program_page_internal
                0x40080cf8       0x10 C:/msys32/home/cypherOS/esp/get-started/hello_world/build/spi_flash\libspi_flash.a(spi_flash_rom_patch.o)
                                 0x40 (size before relaxing)
 .literal.esp_rom_spiflash_read_statushigh
                0x40080d08        0x4 C:/msys32/home/cypherOS/esp/get-started/hello_world/build/spi_flash\libspi_flash.a(spi_flash_rom_patch.o)
                                  0xc (size before relaxing)
 .literal.esp_rom_spiflash_write_status
                0x40080d0c        0x4 C:/msys32/home/cypherOS/esp/get-started/hello_world/build/spi_flash\libspi_flash.a(spi_flash_rom_patch.o)
                                 0x14 (size before relaxing)
 .literal.esp_rom_spiflash_unlock
                0x40080d10        0x8 C:/msys32/home/cypherOS/esp/get-started/hello_world/build/spi_flash\libspi_flash.a(spi_flash_rom_patch.o)
                                 0x28 (size before relaxing)
 .literal.esp_rom_spiflash_erase_block
                0x40080d18        0xc C:/msys32/home/cypherOS/esp/get-started/hello_world/build/spi_flash\libspi_flash.a(spi_flash_rom_patch.o)
                                 0x20 (size before relaxing)
 .literal.esp_rom_spiflash_erase_sector
                0x40080d24        0x0 C:/msys32/home/cypherOS/esp/get-started/hello_world/build/spi_flash\libspi_flash.a(spi_flash_rom_patch.o)
                                 0x20 (size before relaxing)
 .literal.esp_rom_spiflash_write
                0x40080d24        0x0 C:/msys32/home/cypherOS/esp/get-started/hello_world/build/spi_flash\libspi_flash.a(spi_flash_rom_patch.o)
                                 0x28 (size before relaxing)
 .literal.esp_rom_spiflash_write_encrypted
                0x40080d24        0xc C:/msys32/home/cypherOS/esp/get-started/hello_world/build/spi_flash\libspi_flash.a(spi_flash_rom_patch.o)
                                 0x10 (size before relaxing)
 .literal.esp_rom_spiflash_read
                0x40080d30       0x30 C:/msys32/home/cypherOS/esp/get-started/hello_world/build/spi_flash\libspi_flash.a(spi_flash_rom_patch.o)
                                 0x5c (size before relaxing)
 .literal       0x40080d60       0x10 C:/msys32/home/cypherOS/esp/esp-idf/components/newlib/lib/libm.a(lib_a-s_fpclassify.o)
                                 0x18 (size before relaxing)
 .iram1         0x40080d70      0x27e C:/msys32/home/cypherOS/esp/get-started/hello_world/build/esp32\libesp32.a(cpu_start.o)
                                0x336 (size before relaxing)
                0x40080d70                start_cpu0_default
                0x40080d70                start_cpu0
                0x40080e40                start_cpu1
                0x40080e40                start_cpu1_default
                0x40080ebc                call_start_cpu0
 *fill*         0x40080fee        0x2 
 .iram1         0x40080ff0       0xda C:/msys32/home/cypherOS/esp/get-started/hello_world/build/esp32\libesp32.a(dport_panic_highint_hdl.o)
                0x40080ff0                xt_highint4
                0x400810ca                ld_include_panic_highint_hdl
 *fill*         0x400810ca        0x2 
 .iram1         0x400810cc       0x53 C:/msys32/home/cypherOS/esp/get-started/hello_world/build/esp32\libesp32.a(int_wdt.o)
 *fill*         0x4008111f        0x1 
 .iram1         0x40081120      0x1e1 C:/msys32/home/cypherOS/esp/get-started/hello_world/build/esp32\libesp32.a(system_api.o)
                                0x21c (size before relaxing)
                0x40081198                esp_restart_noos
                0x400812e0                system_restart
                0x400812e0                esp_restart
 *fill*         0x40081301        0x3 
 .iram1         0x40081304      0x1e3 C:/msys32/home/cypherOS/esp/get-started/hello_world/build/esp32\libesp32.a(dport_access.o)
                                0x1ef (size before relaxing)
                0x40081304                esp_dport_access_stall_other_cpu_start
                0x400813b4                esp_dport_access_stall_other_cpu_end
                0x40081430                esp_dport_access_stall_other_cpu_start_wrap
                0x40081438                esp_dport_access_stall_other_cpu_end_wrap
                0x40081440                esp_dport_access_int_pause
                0x40081464                esp_dport_access_int_abort
                0x40081478                esp_dport_access_int_resume
                0x4008149c                esp_dport_access_reg_read
                0x400814b4                esp_dport_access_sequence_reg_read
                0x400814c0                esp_dport_access_read_buffer
 *fill*         0x400814e7        0x1 
 .iram1         0x400814e8      0x205 C:/msys32/home/cypherOS/esp/get-started/hello_world/build/esp32\libesp32.a(esp_timer.o)
                                0x219 (size before relaxing)
                0x40081604                esp_timer_stop
                0x40081628                esp_timer_get_next_alarm
                0x40081648                esp_timer_get_time
                0x40081658                esp_timer_start_once
                0x4008169c                esp_timer_start_periodic
 *fill*         0x400816ed        0x3 
 .iram1         0x400816f0      0x2b6 C:/msys32/home/cypherOS/esp/get-started/hello_world/build/esp32\libesp32.a(intr_alloc.o)
                                0x2ce (size before relaxing)
                0x4008172c                esp_intr_set_in_iram
                0x400817b4                esp_intr_enable
                0x4008183c                esp_intr_disable
                0x40081904                esp_intr_noniram_disable
                0x40081950                esp_intr_noniram_enable
                0x40081990                ets_isr_unmask
                0x4008199c                ets_isr_mask
 *fill*         0x400819a6        0x2 
 .iram1         0x400819a8       0x7f C:/msys32/home/cypherOS/esp/get-started/hello_world/build/esp32\libesp32.a(ipc.o)
                                 0x8b (size before relaxing)
 *fill*         0x40081a27        0x1 
 .iram1         0x40081a28       0x2c C:/msys32/home/cypherOS/esp/get-started/hello_world/build/esp32\libesp32.a(cache_err_int.o)
                                 0x34 (size before relaxing)
                0x40081a28                esp_cache_err_get_cpuid
 .iram1         0x40081a54       0x27 C:/msys32/home/cypherOS/esp/get-started/hello_world/build/esp32\libesp32.a(freertos_hooks.o)
                0x40081a54                esp_vApplicationTickHook
 *fill*         0x40081a7b        0x1 
 .iram1         0x40081a7c       0x37 C:/msys32/home/cypherOS/esp/get-started/hello_world/build/esp32\libesp32.a(clk.o)
                0x40081a7c                esp_clk_cpu_freq
                0x40081a8c                esp_clk_apb_freq
                0x40081aa4                ets_update_cpu_frequency
 *fill*         0x40081ab3        0x1 
 .iram1         0x40081ab4      0x4af C:/msys32/home/cypherOS/esp/get-started/hello_world/build/esp32\libesp32.a(esp_timer_esp32.o)
                                0x4bb (size before relaxing)
                0x40081bd8                esp_timer_impl_get_time
                0x40081d48                esp_timer_impl_set_alarm
                0x40081e90                esp_timer_impl_update_apb_freq
                0x40081f58                esp_timer_impl_get_min_period_us
 *fill*         0x40081f63        0x1 
 .iram1         0x40081f64       0xb0 C:/msys32/home/cypherOS/esp/get-started/hello_world/build/esp32\libesp32.a(crosscore_int.o)
                                 0xc0 (size before relaxing)
                0x40081ffc                esp_crosscore_int_send_yield
                0x40082008                esp_crosscore_int_send_freq_switch
 .iram1         0x40082014       0x1a C:/msys32/home/cypherOS/esp/get-started/hello_world/build/freertos\libfreertos.a(port.o)
                0x40082014                xPortInterruptedFromISRContext
 *fill*         0x4008202e        0x2 
 .iram1         0x40082030      0x4b4 C:/msys32/home/cypherOS/esp/get-started/hello_world/build/freertos\libfreertos.a(xtensa_vectors.o)
                0x40082030                _xt_panic
                0x40082148                _xt_user_exit
                0x40082434                _xt_medint2_exit
                0x400824d0                _xt_medint3_exit
 .iram1         0x400824e4      0x3ed C:/msys32/home/cypherOS/esp/get-started/hello_world/build/heap\libheap.a(heap_caps.o)
                                0x405 (size before relaxing)
                0x40082574                heap_caps_malloc
                0x40082610                heap_caps_malloc_default
                0x40082654                heap_caps_malloc_prefer
                0x400826ac                heap_caps_free
                0x400826e4                heap_caps_realloc
                0x40082790                heap_caps_realloc_default
                0x400827e8                heap_caps_realloc_prefer
                0x4008284c                heap_caps_calloc
                0x4008287c                heap_caps_calloc_prefer
 *fill*         0x400828d1        0x3 
 .iram1         0x400828d4      0x18a C:/msys32/home/cypherOS/esp/get-started/hello_world/build/log\liblog.a(log.o)
                                0x19a (size before relaxing)
                0x400828d4                esp_log_write
                0x40082a04                esp_log_early_timestamp
                0x40082a20                esp_log_timestamp
 *fill*         0x40082a5e        0x2 
 .iram1         0x40082a60      0x1cc C:/msys32/home/cypherOS/esp/get-started/hello_world/build/newlib\libnewlib.a(locks.o)
                                0x210 (size before relaxing)
                0x40082b78                _lock_init
                0x40082b88                _lock_init_recursive
                0x40082b98                _lock_close
                0x40082bd4                _lock_acquire
                0x40082be4                _lock_acquire_recursive
                0x40082bf4                _lock_try_acquire
                0x40082c04                _lock_try_acquire_recursive
                0x40082c14                _lock_release
                0x40082c20                _lock_release_recursive
 .iram1         0x40082c2c       0x5a C:/msys32/home/cypherOS/esp/get-started/hello_world/build/newlib\libnewlib.a(syscalls.o)
                                 0x62 (size before relaxing)
                0x40082c2c                _malloc_r
                0x40082c38                _free_r
                0x40082c44                _realloc_r
                0x40082c58                _calloc_r
 *fill*         0x40082c86        0x2 
 .iram1         0x40082c88       0x3c C:/msys32/home/cypherOS/esp/get-started/hello_world/build/newlib\libnewlib.a(reent_init.o)
                0x40082c88                esp_reent_init
 .iram1         0x40082cc4       0x70 C:/msys32/home/cypherOS/esp/get-started/hello_world/build/newlib\libnewlib.a(time.o)
                                 0x74 (size before relaxing)
                0x40082cc4                _gettimeofday_r
                0x40082d0c                _times_r
 .iram1         0x40082d34      0x11a C:/msys32/home/cypherOS/esp/get-started/hello_world/build/soc\libsoc.a(cpu_util.o)
                0x40082d34                esp_cpu_stall
                0x40082dc8                esp_cpu_unstall
                0x40082e1c                esp_cpu_reset
                0x40082e40                esp_cpu_in_ocd_debug_mode
 *fill*         0x40082e4e        0x2 
 .iram1         0x40082e50      0x722 C:/msys32/home/cypherOS/esp/get-started/hello_world/build/spi_flash\libspi_flash.a(flash_ops.o)
                                0x74a (size before relaxing)
                0x40082ec0                spi_flash_guard_set
                0x40082ecc                spi_flash_guard_get
                0x40082ed8                spi_flash_get_chip_size
                0x40082ee4                spi_flash_erase_range
                0x40082f9c                spi_flash_erase_sector
                0x40082fc0                spi_flash_write
                0x40083188                spi_flash_read
                0x40083420                spi_flash_read_encrypted
                0x40083468                spi_flash_write_encrypted
 *fill*         0x40083572        0x2 
 .iram1         0x40083574      0x2f4 C:/msys32/home/cypherOS/esp/get-started/hello_world/build/spi_flash\libspi_flash.a(cache_utils.o)
                                0x340 (size before relaxing)
                0x400835d8                spi_flash_op_block_func
                0x40083684                spi_flash_disable_interrupts_caches_and_other_cpu
                0x40083764                spi_flash_enable_interrupts_caches_and_other_cpu
                0x400837fc                spi_flash_disable_interrupts_caches_and_other_cpu_no_os
                0x40083828                spi_flash_enable_interrupts_caches_no_os
                0x40083844                spi_flash_cache_enabled
 .iram1         0x40083868      0x49e C:/msys32/home/cypherOS/esp/get-started/hello_world/build/spi_flash\libspi_flash.a(flash_mmap.o)
                                0x4ce (size before relaxing)
                0x40083994                spi_flash_mmap_pages
                0x40083ba8                spi_flash_mmap
                0x40083c18                spi_flash_munmap
                0x40083cbc                spi_flash_mark_modified_region
 *fill*         0x40083d06        0x2 
 .iram1         0x40083d08       0x20 C:/msys32/home/cypherOS/esp/get-started/hello_world/build/esp32\libesp32.a(dbg_stubs.o)
 *fill*         0x40083d28        0x0 
 *fill*         0x40083d28        0x0 
 *fill*         0x40083d28        0x0 
 *fill*         0x40083d28        0x0 
 *fill*         0x40083d28        0x0 
 *fill*         0x40083d28        0x0 
 *fill*         0x40083d28        0x0 
 *fill*         0x40083d28        0x0 
 *fill*         0x40083d28        0x0 
 *fill*         0x40083d28        0x0 
 .iram1         0x40083d28       0x2e C:/msys32/home/cypherOS/esp/get-started/hello_world/build/freertos\libfreertos.a(xtensa_vector_defaults.o)
                0x40083d28                xt_debugexception
                0x40083d48                xt_highint5
                0x40083d50                xt_nmi
                0x40083d50                _xt_nmi
 *fill*         0x40083d56        0x0 
 *fill*         0x40083d56        0x0 
 *fill*         0x40083d56        0x0 
 *fill*         0x40083d56        0x0 
 *fill*         0x40083d56        0x0 
 *fill*         0x40083d56        0x0 
 *libfreertos.a:(.literal .text .literal.* .text.*)
 *fill*         0x40083d56        0x2 
 .text.prvResetNextTaskUnblockTime
                0x40083d58       0x34 C:/msys32/home/cypherOS/esp/get-started/hello_world/build/freertos\libfreertos.a(tasks.o)
 .text.prvDeleteTLS
                0x40083d8c       0x40 C:/msys32/home/cypherOS/esp/get-started/hello_world/build/freertos\libfreertos.a(tasks.o)
 .text.prvInitialiseNewTask
                0x40083dcc       0xc4 C:/msys32/home/cypherOS/esp/get-started/hello_world/build/freertos\libfreertos.a(tasks.o)
                                 0xd0 (size before relaxing)
 .text.prvInitialiseTaskLists
                0x40083e90       0x5a C:/msys32/home/cypherOS/esp/get-started/hello_world/build/freertos\libfreertos.a(tasks.o)
                                 0x6e (size before relaxing)
 *fill*         0x40083eea        0x2 
 .text.prvDeleteTCB
                0x40083eec       0x56 C:/msys32/home/cypherOS/esp/get-started/hello_world/build/freertos\libfreertos.a(tasks.o)
                                 0x5d (size before relaxing)
 *fill*         0x40083f42        0x2 
 .text.prvAddCurrentTaskToDelayedList
                0x40083f44       0x66 C:/msys32/home/cypherOS/esp/get-started/hello_world/build/freertos\libfreertos.a(tasks.o)
                                 0x6a (size before relaxing)
 *fill*         0x40083faa        0x2 
 .text.taskYIELD_OTHER_CORE
                0x40083fac       0x53 C:/msys32/home/cypherOS/esp/get-started/hello_world/build/freertos\libfreertos.a(tasks.o)
                0x40083fac                taskYIELD_OTHER_CORE
 *fill*         0x40083fff        0x1 
 .text.vTaskSuspendAll
                0x40084000       0x26 C:/msys32/home/cypherOS/esp/get-started/hello_world/build/freertos\libfreertos.a(tasks.o)
                0x40084000                vTaskSuspendAll
 *fill*         0x40084026        0x2 
 .text.xTaskGetIdleTaskHandleForCPU
                0x40084028       0x2a C:/msys32/home/cypherOS/esp/get-started/hello_world/build/freertos\libfreertos.a(tasks.o)
                                 0x2e (size before relaxing)
                0x40084028                xTaskGetIdleTaskHandleForCPU
 *fill*         0x40084052        0x2 
 .text.vTaskSwitchContext
                0x40084054      0x27e C:/msys32/home/cypherOS/esp/get-started/hello_world/build/freertos\libfreertos.a(tasks.o)
                                0x28a (size before relaxing)
                0x40084054                vTaskSwitchContext
 *fill*         0x400842d2        0x2 
 .text.vTaskSetTimeOutState
                0x400842d4       0x34 C:/msys32/home/cypherOS/esp/get-started/hello_world/build/freertos\libfreertos.a(tasks.o)
                0x400842d4                vTaskSetTimeOutState
 .text.xTaskGetCurrentTaskHandle
                0x40084308       0x1f C:/msys32/home/cypherOS/esp/get-started/hello_world/build/freertos\libfreertos.a(tasks.o)
                0x40084308                xTaskGetCurrentTaskHandle
 *fill*         0x40084327        0x1 
 .text.__getreent
                0x40084328       0x19 C:/msys32/home/cypherOS/esp/get-started/hello_world/build/freertos\libfreertos.a(tasks.o)
                0x40084328                __getreent
 *fill*         0x40084341        0x3 
 .text.pcTaskGetTaskName
                0x40084344       0x2a C:/msys32/home/cypherOS/esp/get-started/hello_world/build/freertos\libfreertos.a(tasks.o)
                                 0x2d (size before relaxing)
                0x40084344                pcTaskGetTaskName
 *fill*         0x4008436e        0x2 
 .text.xTaskGetAffinity
                0x40084370       0x10 C:/msys32/home/cypherOS/esp/get-started/hello_world/build/freertos\libfreertos.a(tasks.o)
                                 0x13 (size before relaxing)
                0x40084370                xTaskGetAffinity
 *fill*         0x40084380        0x0 
 .text.xTaskGetCurrentTaskHandleForCPU
                0x40084380       0x18 C:/msys32/home/cypherOS/esp/get-started/hello_world/build/freertos\libfreertos.a(tasks.o)
                0x40084380                xTaskGetCurrentTaskHandleForCPU
 .text.xTaskGetSchedulerState
                0x40084398       0x37 C:/msys32/home/cypherOS/esp/get-started/hello_world/build/freertos\libfreertos.a(tasks.o)
                0x40084398                xTaskGetSchedulerState
 *fill*         0x400843cf        0x1 
 .text.vTaskEnterCritical
                0x400843d0       0xac C:/msys32/home/cypherOS/esp/get-started/hello_world/build/freertos\libfreertos.a(tasks.o)
                                 0xb3 (size before relaxing)
                0x400843d0                vTaskEnterCritical
 *fill*         0x4008447c        0x0 
 .text.vTaskExitCritical
                0x4008447c       0x77 C:/msys32/home/cypherOS/esp/get-started/hello_world/build/freertos\libfreertos.a(tasks.o)
                0x4008447c                vTaskExitCritical
 *fill*         0x400844f3        0x1 
 .text.prvAddNewTaskToReadyList
                0x400844f4      0x160 C:/msys32/home/cypherOS/esp/get-started/hello_world/build/freertos\libfreertos.a(tasks.o)
                                0x173 (size before relaxing)
 *fill*         0x40084654        0x0 
 .text.xTaskCreatePinnedToCore
                0x40084654       0x6e C:/msys32/home/cypherOS/esp/get-started/hello_world/build/freertos\libfreertos.a(tasks.o)
                                 0x76 (size before relaxing)
                0x40084654                xTaskCreatePinnedToCore
 *fill*         0x400846c2        0x2 
 .text.vTaskStartScheduler
                0x400846c4       0x67 C:/msys32/home/cypherOS/esp/get-started/hello_world/build/freertos\libfreertos.a(tasks.o)
                                 0x72 (size before relaxing)
                0x400846c4                vTaskStartScheduler
 *fill*         0x4008472b        0x1 
 .text.vTaskDelete
                0x4008472c      0x10a C:/msys32/home/cypherOS/esp/get-started/hello_world/build/freertos\libfreertos.a(tasks.o)
                                0x122 (size before relaxing)
                0x4008472c                vTaskDelete
 *fill*         0x40084836        0x2 
 .text.vTaskDelay
                0x40084838       0x70 C:/msys32/home/cypherOS/esp/get-started/hello_world/build/freertos\libfreertos.a(tasks.o)
                                 0x80 (size before relaxing)
                0x40084838                vTaskDelay
 .text.uxTaskPriorityGet
                0x400848a8       0x1c C:/msys32/home/cypherOS/esp/get-started/hello_world/build/freertos\libfreertos.a(tasks.o)
                                 0x23 (size before relaxing)
                0x400848a8                uxTaskPriorityGet
 *fill*         0x400848c4        0x0 
 .text.vTaskPrioritySet
                0x400848c4      0x12d C:/msys32/home/cypherOS/esp/get-started/hello_world/build/freertos\libfreertos.a(tasks.o)
                                0x143 (size before relaxing)
                0x400848c4                vTaskPrioritySet
 *fill*         0x400849f1        0x3 
 .text.prvCheckTasksWaitingTermination
                0x400849f4       0xbe C:/msys32/home/cypherOS/esp/get-started/hello_world/build/freertos\libfreertos.a(tasks.o)
                                 0xc6 (size before relaxing)
 *fill*         0x40084ab2        0x2 
 .text.prvIdleTask
                0x40084ab4        0xf C:/msys32/home/cypherOS/esp/get-started/hello_world/build/freertos\libfreertos.a(tasks.o)
                                 0x18 (size before relaxing)
 *fill*         0x40084ac3        0x1 
 .text.xTaskGetTickCount
                0x40084ac4       0x1c C:/msys32/home/cypherOS/esp/get-started/hello_world/build/freertos\libfreertos.a(tasks.o)
                                 0x20 (size before relaxing)
                0x40084ac4                xTaskGetTickCount
 .text.xTaskIncrementTick
                0x40084ae0      0x1b2 C:/msys32/home/cypherOS/esp/get-started/hello_world/build/freertos\libfreertos.a(tasks.o)
                                0x1ce (size before relaxing)
                0x40084ae0                xTaskIncrementTick
 *fill*         0x40084c92        0x2 
 .text.xTaskResumeAll
                0x40084c94      0x177 C:/msys32/home/cypherOS/esp/get-started/hello_world/build/freertos\libfreertos.a(tasks.o)
                                0x186 (size before relaxing)
                0x40084c94                xTaskResumeAll
 *fill*         0x40084e0b        0x1 
 .text.vTaskPlaceOnEventList
                0x40084e0c       0x83 C:/msys32/home/cypherOS/esp/get-started/hello_world/build/freertos\libfreertos.a(tasks.o)
                                 0x97 (size before relaxing)
                0x40084e0c                vTaskPlaceOnEventList
 *fill*         0x40084e8f        0x1 
 .text.vTaskPlaceOnEventListRestricted
                0x40084e90       0x5b C:/msys32/home/cypherOS/esp/get-started/hello_world/build/freertos\libfreertos.a(tasks.o)
                                 0x6f (size before relaxing)
                0x40084e90                vTaskPlaceOnEventListRestricted
 *fill*         0x40084eeb        0x1 
 .text.xTaskRemoveFromEventList
                0x40084eec      0x134 C:/msys32/home/cypherOS/esp/get-started/hello_world/build/freertos\libfreertos.a(tasks.o)
                                0x143 (size before relaxing)
                0x40084eec                xTaskRemoveFromEventList
 *fill*         0x40085020        0x0 
 .text.xTaskCheckForTimeOut
                0x40085020       0x89 C:/msys32/home/cypherOS/esp/get-started/hello_world/build/freertos\libfreertos.a(tasks.o)
                                 0x94 (size before relaxing)
                0x40085020                xTaskCheckForTimeOut
 *fill*         0x400850a9        0x3 
 .text.vTaskPriorityInherit
                0x400850ac       0xc4 C:/msys32/home/cypherOS/esp/get-started/hello_world/build/freertos\libfreertos.a(tasks.o)
                                 0xdb (size before relaxing)
                0x400850ac                vTaskPriorityInherit
 *fill*         0x40085170        0x0 
 .text.xTaskPriorityDisinherit
                0x40085170       0x97 C:/msys32/home/cypherOS/esp/get-started/hello_world/build/freertos\libfreertos.a(tasks.o)
                                 0xaa (size before relaxing)
                0x40085170                xTaskPriorityDisinherit
 *fill*         0x40085207        0x1 
 .text.pvTaskIncrementMutexHeldCount
                0x40085208       0x50 C:/msys32/home/cypherOS/esp/get-started/hello_world/build/freertos\libfreertos.a(tasks.o)
                                 0x54 (size before relaxing)
                0x40085208                pvTaskIncrementMutexHeldCount
 .text.pxPortInitialiseStack
                0x40085258       0x86 C:/msys32/home/cypherOS/esp/get-started/hello_world/build/freertos\libfreertos.a(port.o)
                0x40085258                pxPortInitialiseStack
 *fill*         0x400852de        0x2 
 .text.xPortStartScheduler
                0x400852e0       0x22 C:/msys32/home/cypherOS/esp/get-started/hello_world/build/freertos\libfreertos.a(port.o)
                                 0x2e (size before relaxing)
                0x400852e0                xPortStartScheduler
 *fill*         0x40085302        0x2 
 .text.xPortSysTickHandler
                0x40085304       0x10 C:/msys32/home/cypherOS/esp/get-started/hello_world/build/freertos\libfreertos.a(port.o)
                                 0x16 (size before relaxing)
                0x40085304                xPortSysTickHandler
 *fill*         0x40085314        0x0 
 .text.vPortYieldOtherCore
                0x40085314        0xa C:/msys32/home/cypherOS/esp/get-started/hello_world/build/freertos\libfreertos.a(port.o)
                                  0xe (size before relaxing)
                0x40085314                vPortYieldOtherCore
 *fill*         0x4008531e        0x2 
 .text.vPortReleaseTaskMPUSettings
                0x40085320        0xa C:/msys32/home/cypherOS/esp/get-started/hello_world/build/freertos\libfreertos.a(port.o)
                                  0xe (size before relaxing)
                0x40085320                vPortReleaseTaskMPUSettings
 *fill*         0x4008532a        0x2 
 .text.xPortInIsrContext
                0x4008532c       0x26 C:/msys32/home/cypherOS/esp/get-started/hello_world/build/freertos\libfreertos.a(port.o)
                0x4008532c                xPortInIsrContext
 *fill*         0x40085352        0x2 
 .text.vPortCPUInitializeMutex
                0x40085354        0xe C:/msys32/home/cypherOS/esp/get-started/hello_world/build/freertos\libfreertos.a(port.o)
                0x40085354                vPortCPUInitializeMutex
 *fill*         0x40085362        0x2 
 .text.vPortCPUAcquireMutex
                0x40085364       0x81 C:/msys32/home/cypherOS/esp/get-started/hello_world/build/freertos\libfreertos.a(port.o)
                                 0x88 (size before relaxing)
                0x40085364                vPortCPUAcquireMutex
 *fill*         0x400853e5        0x3 
 .text.vPortCPUReleaseMutex
                0x400853e8       0x4d C:/msys32/home/cypherOS/esp/get-started/hello_world/build/freertos\libfreertos.a(port.o)
                                 0x50 (size before relaxing)
                0x400853e8                vPortCPUReleaseMutex
 *fill*         0x40085435        0x3 
 .text._xt_tick_divisor_init
                0x40085438       0x1c C:/msys32/home/cypherOS/esp/get-started/hello_world/build/freertos\libfreertos.a(xtensa_init.o)
                                 0x1f (size before relaxing)
                0x40085438                _xt_tick_divisor_init
 *fill*         0x40085454        0x0 
 .text.prvIsQueueFull
                0x40085454       0x2a C:/msys32/home/cypherOS/esp/get-started/hello_world/build/freertos\libfreertos.a(queue.o)
 *fill*         0x4008547e        0x2 
 .text.prvCopyDataToQueue
                0x40085480       0x9e C:/msys32/home/cypherOS/esp/get-started/hello_world/build/freertos\libfreertos.a(queue.o)
 *fill*         0x4008551e        0x2 
 .text.prvNotifyQueueSetContainer
                0x40085520       0x77 C:/msys32/home/cypherOS/esp/get-started/hello_world/build/freertos\libfreertos.a(queue.o)
                                 0x8a (size before relaxing)
 *fill*         0x40085597        0x1 
 .text.prvCopyDataFromQueue
                0x40085598       0x24 C:/msys32/home/cypherOS/esp/get-started/hello_world/build/freertos\libfreertos.a(queue.o)
 .text.xQueueGenericReset
                0x400855bc       0x86 C:/msys32/home/cypherOS/esp/get-started/hello_world/build/freertos\libfreertos.a(queue.o)
                                 0x96 (size before relaxing)
                0x400855bc                xQueueGenericReset
 *fill*         0x40085642        0x2 
 .text.prvInitialiseNewQueue
                0x40085644       0x1f C:/msys32/home/cypherOS/esp/get-started/hello_world/build/freertos\libfreertos.a(queue.o)
                                 0x23 (size before relaxing)
 *fill*         0x40085663        0x1 
 .text.xQueueGenericCreate
                0x40085664       0x49 C:/msys32/home/cypherOS/esp/get-started/hello_world/build/freertos\libfreertos.a(queue.o)
                                 0x4d (size before relaxing)
                0x40085664                xQueueGenericCreate
 *fill*         0x400856ad        0x3 
 .text.xQueueGetMutexHolder
                0x400856b0       0x23 C:/msys32/home/cypherOS/esp/get-started/hello_world/build/freertos\libfreertos.a(queue.o)
                0x400856b0                xQueueGetMutexHolder
 *fill*         0x400856d3        0x1 
 .text.xQueueCreateCountingSemaphore
                0x400856d4       0x66 C:/msys32/home/cypherOS/esp/get-started/hello_world/build/freertos\libfreertos.a(queue.o)
                                 0x6a (size before relaxing)
                0x400856d4                xQueueCreateCountingSemaphore
 *fill*         0x4008573a        0x2 
 .text.xQueueGenericSend
                0x4008573c      0x158 C:/msys32/home/cypherOS/esp/get-started/hello_world/build/freertos\libfreertos.a(queue.o)
                                0x18c (size before relaxing)
                0x4008573c                xQueueGenericSend
 .text.prvInitialiseMutex
                0x40085894       0x22 C:/msys32/home/cypherOS/esp/get-started/hello_world/build/freertos\libfreertos.a(queue.o)
                                 0x26 (size before relaxing)
 *fill*         0x400858b6        0x2 
 .text.xQueueCreateMutex
                0x400858b8       0x16 C:/msys32/home/cypherOS/esp/get-started/hello_world/build/freertos\libfreertos.a(queue.o)
                                 0x1a (size before relaxing)
                0x400858b8                xQueueCreateMutex
 *fill*         0x400858ce        0x2 
 .text.xQueueGiveMutexRecursive
                0x400858d0       0x48 C:/msys32/home/cypherOS/esp/get-started/hello_world/build/freertos\libfreertos.a(queue.o)
                                 0x4c (size before relaxing)
                0x400858d0                xQueueGiveMutexRecursive
 .text.xQueueGenericSendFromISR
                0x40085918       0xd6 C:/msys32/home/cypherOS/esp/get-started/hello_world/build/freertos\libfreertos.a(queue.o)
                                 0xe6 (size before relaxing)
                0x40085918                xQueueGenericSendFromISR
 *fill*         0x400859ee        0x2 
 .text.xQueueGiveFromISR
                0x400859f0       0xb6 C:/msys32/home/cypherOS/esp/get-started/hello_world/build/freertos\libfreertos.a(queue.o)
                                 0xc2 (size before relaxing)
                0x400859f0                xQueueGiveFromISR
 *fill*         0x40085aa6        0x2 
 .text.xQueueGenericReceive
                0x40085aa8      0x144 C:/msys32/home/cypherOS/esp/get-started/hello_world/build/freertos\libfreertos.a(queue.o)
                                0x178 (size before relaxing)
                0x40085aa8                xQueueGenericReceive
 .text.xQueueTakeMutexRecursive
                0x40085bec       0x51 C:/msys32/home/cypherOS/esp/get-started/hello_world/build/freertos\libfreertos.a(queue.o)
                0x40085bec                xQueueTakeMutexRecursive
 *fill*         0x40085c3d        0x3 
 .text.xQueueReceiveFromISR
                0x40085c40       0x96 C:/msys32/home/cypherOS/esp/get-started/hello_world/build/freertos\libfreertos.a(queue.o)
                                 0xa6 (size before relaxing)
                0x40085c40                xQueueReceiveFromISR
 *fill*         0x40085cd6        0x2 
 .text.vQueueDelete
                0x40085cd8       0x28 C:/msys32/home/cypherOS/esp/get-started/hello_world/build/freertos\libfreertos.a(queue.o)
                0x40085cd8                vQueueDelete
 .text.vQueueWaitForMessageRestricted
                0x40085d00       0x23 C:/msys32/home/cypherOS/esp/get-started/hello_world/build/freertos\libfreertos.a(queue.o)
                                 0x2a (size before relaxing)
                0x40085d00                vQueueWaitForMessageRestricted
 *fill*         0x40085d23        0x1 
 .text.xt_unhandled_interrupt
                0x40085d24       0x16 C:/msys32/home/cypherOS/esp/get-started/hello_world/build/freertos\libfreertos.a(xtensa_intr.o)
                0x40085d24                xt_unhandled_interrupt
 *fill*         0x40085d3a        0x2 
 .text.xt_set_interrupt_handler
                0x40085d3c       0x46 C:/msys32/home/cypherOS/esp/get-started/hello_world/build/freertos\libfreertos.a(xtensa_intr.o)
                0x40085d3c                xt_set_interrupt_handler
 *fill*         0x40085d82        0x2 
 .text          0x40085d84      0x1d0 C:/msys32/home/cypherOS/esp/get-started/hello_world/build/freertos\libfreertos.a(portasm.o)
                0x40085d84                _frxt_setup_switch
                0x40085d9c                _frxt_int_enter
                0x40085de4                _frxt_int_exit
                0x40085e34                _frxt_timer_int
                0x40085e5c                _frxt_tick_timer_init
                0x40085e74                _frxt_dispatch
                0x40085ebc                vPortYield
                0x40085f08                vPortYieldFromInt
                0x40085f28                _frxt_task_coproc_state
 .text          0x40085f54      0x12b C:/msys32/home/cypherOS/esp/get-started/hello_world/build/freertos\libfreertos.a(xtensa_context.o)
                0x40085f54                _xt_context_save
                0x40085fbc                _xt_context_restore
                0x40086000                _xt_coproc_init
                0x40086014                _xt_coproc_release
                0x40086040                _xt_coproc_savecs
                0x40086060                _xt_coproc_restorecs
 *fill*         0x4008607f        0x1 
 .text.prvGetNextExpireTime
                0x40086080       0x20 C:/msys32/home/cypherOS/esp/get-started/hello_world/build/freertos\libfreertos.a(timers.o)
 .text.prvInsertTimerInActiveList
                0x400860a0       0x50 C:/msys32/home/cypherOS/esp/get-started/hello_world/build/freertos\libfreertos.a(timers.o)
                                 0x54 (size before relaxing)
 .text.prvCheckForValidListAndQueue
                0x400860f0       0x66 C:/msys32/home/cypherOS/esp/get-started/hello_world/build/freertos\libfreertos.a(timers.o)
                                 0x7e (size before relaxing)
 *fill*         0x40086156        0x2 
 .text.xTimerCreateTimerTask
                0x40086158       0x48 C:/msys32/home/cypherOS/esp/get-started/hello_world/build/freertos\libfreertos.a(timers.o)
                                 0x4c (size before relaxing)
                0x40086158                xTimerCreateTimerTask
 .text.xTimerGenericCommand
                0x400861a0       0x55 C:/msys32/home/cypherOS/esp/get-started/hello_world/build/freertos\libfreertos.a(timers.o)
                                 0x5d (size before relaxing)
                0x400861a0                xTimerGenericCommand
 *fill*         0x400861f5        0x3 
 .text.prvSwitchTimerLists
                0x400861f8       0x76 C:/msys32/home/cypherOS/esp/get-started/hello_world/build/freertos\libfreertos.a(timers.o)
                                 0x82 (size before relaxing)
 *fill*         0x4008626e        0x2 
 .text.prvSampleTimeNow
                0x40086270       0x2b C:/msys32/home/cypherOS/esp/get-started/hello_world/build/freertos\libfreertos.a(timers.o)
                                 0x2f (size before relaxing)
 *fill*         0x4008629b        0x1 
 .text.prvProcessExpiredTimer
                0x4008629c       0x53 C:/msys32/home/cypherOS/esp/get-started/hello_world/build/freertos\libfreertos.a(timers.o)
                                 0x5f (size before relaxing)
 *fill*         0x400862ef        0x1 
 .text.prvProcessTimerOrBlockTask
                0x400862f0       0x58 C:/msys32/home/cypherOS/esp/get-started/hello_world/build/freertos\libfreertos.a(timers.o)
                                 0x6c (size before relaxing)
 .text.prvProcessReceivedCommands
                0x40086348       0xd6 C:/msys32/home/cypherOS/esp/get-started/hello_world/build/freertos\libfreertos.a(timers.o)
                                 0xe6 (size before relaxing)
 *fill*         0x4008641e        0x2 
 .text.prvTimerTask
                0x40086420       0x15 C:/msys32/home/cypherOS/esp/get-started/hello_world/build/freertos\libfreertos.a(timers.o)
                                 0x1d (size before relaxing)
 *fill*         0x40086435        0x0 
 *fill*         0x40086435        0x0 
 *fill*         0x40086435        0x0 
 *fill*         0x40086435        0x0 
 *fill*         0x40086435        0x0 
 *fill*         0x40086435        0x0 
 *fill*         0x40086435        0x0 
 *fill*         0x40086435        0x0 
 *fill*         0x40086435        0x0 
 *fill*         0x40086435        0x0 
 *fill*         0x40086435        0x0 
 *fill*         0x40086435        0x0 
 *fill*         0x40086435        0x0 
 *fill*         0x40086435        0x0 
 *fill*         0x40086435        0x0 
 *fill*         0x40086435        0x0 
 *fill*         0x40086435        0x0 
 *fill*         0x40086435        0x0 
 *fill*         0x40086435        0x0 
 *fill*         0x40086435        0x0 
 *fill*         0x40086435        0x0 
 *fill*         0x40086435        0x0 
 *fill*         0x40086435        0x0 
 *fill*         0x40086435        0x0 
 *fill*         0x40086435        0x0 
 *fill*         0x40086435        0x0 
 *fill*         0x40086435        0x0 
 *fill*         0x40086435        0x0 
 *fill*         0x40086435        0x0 
 *fill*         0x40086435        0x0 
 *fill*         0x40086435        0x0 
 *fill*         0x40086435        0x0 
 *fill*         0x40086435        0x3 
 .text.vPortStoreTaskMPUSettings
                0x40086438       0x13 C:/msys32/home/cypherOS/esp/get-started/hello_world/build/freertos\libfreertos.a(port.o)
                0x40086438                vPortStoreTaskMPUSettings
 *fill*         0x4008644b        0x0 
 *fill*         0x4008644b        0x0 
 *fill*         0x4008644b        0x0 
 *fill*         0x4008644b        0x0 
 *fill*         0x4008644b        0x1 
 .text.vListInitialise
                0x4008644c       0x15 C:/msys32/home/cypherOS/esp/get-started/hello_world/build/freertos\libfreertos.a(list.o)
                0x4008644c                vListInitialise
 *fill*         0x40086461        0x3 
 .text.vListInitialiseItem
                0x40086464        0x9 C:/msys32/home/cypherOS/esp/get-started/hello_world/build/freertos\libfreertos.a(list.o)
                0x40086464                vListInitialiseItem
 *fill*         0x4008646d        0x3 
 .text.vListInsertEnd
                0x40086470       0x1b C:/msys32/home/cypherOS/esp/get-started/hello_world/build/freertos\libfreertos.a(list.o)
                0x40086470                vListInsertEnd
 *fill*         0x4008648b        0x1 
 .text.vListInsert
                0x4008648c       0x2f C:/msys32/home/cypherOS/esp/get-started/hello_world/build/freertos\libfreertos.a(list.o)
                0x4008648c                vListInsert
 *fill*         0x400864bb        0x1 
 .text.uxListRemove
                0x400864bc       0x26 C:/msys32/home/cypherOS/esp/get-started/hello_world/build/freertos\libfreertos.a(list.o)
                0x400864bc                uxListRemove
 *fill*         0x400864e2        0x2 
 .text.prvIsQueueEmpty
                0x400864e4       0x12 C:/msys32/home/cypherOS/esp/get-started/hello_world/build/freertos\libfreertos.a(queue.o)
 *fill*         0x400864f6        0x0 
 *fill*         0x400864f6        0x0 
 *fill*         0x400864f6        0x0 
 *fill*         0x400864f6        0x0 
 *fill*         0x400864f6        0x0 
 *fill*         0x400864f6        0x0 
 *fill*         0x400864f6        0x0 
 *fill*         0x400864f6        0x0 
 *fill*         0x400864f6        0x0 
 *fill*         0x400864f6        0x0 
 *fill*         0x400864f6        0x0 
 *fill*         0x400864f6        0x0 
 *fill*         0x400864f6        0x0 
 *fill*         0x400864f6        0x0 
 *fill*         0x400864f6        0x0 
 *fill*         0x400864f6        0x0 
 *fill*         0x400864f6        0x0 
 *fill*         0x400864f6        0x0 
 *fill*         0x400864f6        0x2 
 .text          0x400864f8       0x33 C:/msys32/home/cypherOS/esp/get-started/hello_world/build/freertos\libfreertos.a(xtensa_intr_asm.o)
                0x400864f8                xt_ints_on
                0x40086510                xt_ints_off
 *fill*         0x4008652b        0x0 
 *fill*         0x4008652b        0x0 
 *fill*         0x4008652b        0x0 
 *fill*         0x4008652b        0x0 
 *fill*         0x4008652b        0x0 
 *fill*         0x4008652b        0x0 
 *fill*         0x4008652b        0x0 
 *libheap.a:multi_heap.o(.literal .text .literal.* .text.*)
 *fill*         0x4008652b        0x1 
 .text.get_prev_free_block
                0x4008652c       0x68 C:/msys32/home/cypherOS/esp/get-started/hello_world/build/heap\libheap.a(multi_heap.o)
                                 0x77 (size before relaxing)
 *fill*         0x40086594        0x0 
 .text.split_if_necessary
                0x40086594      0x138 C:/msys32/home/cypherOS/esp/get-started/hello_world/build/heap\libheap.a(multi_heap.o)
                                0x148 (size before relaxing)
 .text.assert_valid_block
                0x400866cc       0xb0 C:/msys32/home/cypherOS/esp/get-started/hello_world/build/heap\libheap.a(multi_heap.o)
                                 0xb4 (size before relaxing)
 .text.merge_adjacent
                0x4008677c      0x12c C:/msys32/home/cypherOS/esp/get-started/hello_world/build/heap\libheap.a(multi_heap.o)
                                0x140 (size before relaxing)
 .text.multi_heap_get_allocated_size_impl
                0x400868a8       0x38 C:/msys32/home/cypherOS/esp/get-started/hello_world/build/heap\libheap.a(multi_heap.o)
                                 0x3c (size before relaxing)
                0x400868a8                multi_heap_get_allocated_size_impl
                0x400868a8                multi_heap_get_allocated_size
 .text.multi_heap_malloc_impl
                0x400868e0      0x110 C:/msys32/home/cypherOS/esp/get-started/hello_world/build/heap\libheap.a(multi_heap.o)
                                0x120 (size before relaxing)
                0x400868e0                multi_heap_malloc_impl
                0x400868e0                multi_heap_malloc
 .text.multi_heap_free_impl
                0x400869f0      0x130 C:/msys32/home/cypherOS/esp/get-started/hello_world/build/heap\libheap.a(multi_heap.o)
                                0x14c (size before relaxing)
                0x400869f0                multi_heap_free_impl
                0x400869f0                multi_heap_free
 .text.multi_heap_realloc_impl
                0x40086b20      0x258 C:/msys32/home/cypherOS/esp/get-started/hello_world/build/heap\libheap.a(multi_heap.o)
                                0x274 (size before relaxing)
                0x40086b20                multi_heap_realloc_impl
                0x40086b20                multi_heap_realloc
 *fill*         0x40086d78        0x0 
 *fill*         0x40086d78        0x0 
 .text.multi_heap_register_impl
                0x40086d78       0x51 C:/msys32/home/cypherOS/esp/get-started/hello_world/build/heap\libheap.a(multi_heap.o)
                0x40086d78                multi_heap_register
                0x40086d78                multi_heap_register_impl
 *fill*         0x40086dc9        0x3 
 .text.multi_heap_set_lock
                0x40086dcc        0x7 C:/msys32/home/cypherOS/esp/get-started/hello_world/build/heap\libheap.a(multi_heap.o)
                0x40086dcc                multi_heap_set_lock
 *fill*         0x40086dd3        0x0 
 *libheap.a:multi_heap_poisoning.o(.literal .text .literal.* .text.*)
 *libesp32.a:panic.o(.literal .text .literal.* .text.*)
 *fill*         0x40086dd3        0x1 
 .text.panicPutChar
                0x40086dd4       0x1e C:/msys32/home/cypherOS/esp/get-started/hello_world/build/esp32\libesp32.a(panic.o)
 *fill*         0x40086df2        0x2 
 .text.panicPutStr
                0x40086df4       0x1a C:/msys32/home/cypherOS/esp/get-started/hello_world/build/esp32\libesp32.a(panic.o)
 *fill*         0x40086e0e        0x2 
 .text.panicPutHex
                0x40086e10       0x2c C:/msys32/home/cypherOS/esp/get-started/hello_world/build/esp32\libesp32.a(panic.o)
                                 0x2f (size before relaxing)
 *fill*         0x40086e3c        0x0 
 .text.panicPutDec
                0x40086e3c       0x3c C:/msys32/home/cypherOS/esp/get-started/hello_world/build/esp32\libesp32.a(panic.o)
                                 0x46 (size before relaxing)
 *fill*         0x40086e78        0x0 
 .text.reconfigureAllWdts
                0x40086e78       0xa8 C:/msys32/home/cypherOS/esp/get-started/hello_world/build/esp32\libesp32.a(panic.o)
 .text.putEntry
                0x40086f20       0x2b C:/msys32/home/cypherOS/esp/get-started/hello_world/build/esp32\libesp32.a(panic.o)
                                 0x37 (size before relaxing)
 *fill*         0x40086f4b        0x1 
 .text.doBacktrace
                0x40086f4c       0x71 C:/msys32/home/cypherOS/esp/get-started/hello_world/build/esp32\libesp32.a(panic.o)
                                 0x78 (size before relaxing)
 *fill*         0x40086fbd        0x3 
 .text.invoke_abort
                0x40086fc0       0x1d C:/msys32/home/cypherOS/esp/get-started/hello_world/build/esp32\libesp32.a(panic.o)
 *fill*         0x40086fdd        0x3 
 .text.haltOtherCore
                0x40086fe0       0x18 C:/msys32/home/cypherOS/esp/get-started/hello_world/build/esp32\libesp32.a(panic.o)
 .text.esp_panic_wdt_start
                0x40086ff8       0x84 C:/msys32/home/cypherOS/esp/get-started/hello_world/build/esp32\libesp32.a(panic.o)
                                 0x88 (size before relaxing)
 .text.commonErrorHandler_dump
                0x4008707c       0xd6 C:/msys32/home/cypherOS/esp/get-started/hello_world/build/esp32\libesp32.a(panic.o)
                                0x116 (size before relaxing)
 *fill*         0x40087152        0x2 
 .text.esp_panic_dig_reset
                0x40087154       0x33 C:/msys32/home/cypherOS/esp/get-started/hello_world/build/esp32\libesp32.a(panic.o)
                                 0x37 (size before relaxing)
 *fill*         0x40087187        0x1 
 .text.abort    0x40087188       0x2a C:/msys32/home/cypherOS/esp/get-started/hello_world/build/esp32\libesp32.a(panic.o)
                                 0x2d (size before relaxing)
                0x40087188                abort
 *fill*         0x400871b2        0x2 
 .text.vApplicationStackOverflowHook
                0x400871b4       0x17 C:/msys32/home/cypherOS/esp/get-started/hello_world/build/esp32\libesp32.a(panic.o)
                                 0x23 (size before relaxing)
                0x400871b4                vApplicationStackOverflowHook
 *fill*         0x400871cb        0x1 
 .text.esp_panic_wdt_stop
                0x400871cc       0x44 C:/msys32/home/cypherOS/esp/get-started/hello_world/build/esp32\libesp32.a(panic.o)
                0x400871cc                esp_panic_wdt_stop
 .text.commonErrorHandler